[2025-08-04T08:38:06.204+0000][gc,heap] Heap region size: 1M
[2025-08-04T08:38:06.211+0000][gc     ] Using G1
[2025-08-04T08:38:06.211+0000][gc,heap,coops] Heap address: 0x00000000c0000000, size: 1024 MB, Compressed Oops mode: 32-bit
[2025-08-04T08:38:06.211+0000][gc,cds       ] Mark closed archive regions in map: [0x00000000fff00000, 0x00000000fff6bff8]
[2025-08-04T08:38:06.211+0000][gc,cds       ] Mark open archive regions in map: [0x00000000ffe00000, 0x00000000ffe47ff8]
[2025-08-04T08:38:06.827+0000][gc,start     ] GC(0) Pause Young (Normal) (G1 Evacuation Pause)
[2025-08-04T08:38:06.830+0000][gc,task      ] GC(0) Using 15 workers of 15 for evacuation
[2025-08-04T08:38:06.853+0000][gc,mmu       ] GC(0) MMU target violated: 21.0ms (20.0ms/21.0ms)
[2025-08-04T08:38:06.853+0000][gc,phases    ] GC(0)   Pre Evacuate Collection Set: 0.0ms
[2025-08-04T08:38:06.853+0000][gc,phases    ] GC(0)   Evacuate Collection Set: 22.7ms
[2025-08-04T08:38:06.853+0000][gc,phases    ] GC(0)   Post Evacuate Collection Set: 0.8ms
[2025-08-04T08:38:06.853+0000][gc,phases    ] GC(0)   Other: 2.8ms
[2025-08-04T08:38:06.853+0000][gc,heap      ] GC(0) Eden regions: 51->0(44)
[2025-08-04T08:38:06.853+0000][gc,heap      ] GC(0) Survivor regions: 0->7(7)
[2025-08-04T08:38:06.853+0000][gc,heap      ] GC(0) Old regions: 2->3
[2025-08-04T08:38:06.853+0000][gc,heap      ] GC(0) Humongous regions: 0->0
[2025-08-04T08:38:06.853+0000][gc,metaspace ] GC(0) Metaspace: 14177K(14848K)->14177K(14848K) NonClass: 12442K(12800K)->12442K(12800K) Class: 1734K(2048K)->1734K(2048K)
[2025-08-04T08:38:06.853+0000][gc           ] GC(0) Pause Young (Normal) (G1 Evacuation Pause) 51M->7M(1024M) 26.319ms
[2025-08-04T08:38:06.853+0000][gc,cpu       ] GC(0) User=0.30s Sys=0.06s Real=0.02s
[2025-08-04T08:38:07.194+0000][gc,start     ] GC(1) Pause Young (Concurrent Start) (Metadata GC Threshold)
[2025-08-04T08:38:07.194+0000][gc,task      ] GC(1) Using 15 workers of 15 for evacuation
[2025-08-04T08:38:07.225+0000][gc,mmu       ] GC(1) MMU target violated: 21.0ms (20.0ms/21.0ms)
[2025-08-04T08:38:07.225+0000][gc,phases    ] GC(1)   Pre Evacuate Collection Set: 0.0ms
[2025-08-04T08:38:07.225+0000][gc,phases    ] GC(1)   Evacuate Collection Set: 29.4ms
[2025-08-04T08:38:07.225+0000][gc,phases    ] GC(1)   Post Evacuate Collection Set: 0.7ms
[2025-08-04T08:38:07.225+0000][gc,phases    ] GC(1)   Other: 0.4ms
[2025-08-04T08:38:07.225+0000][gc,heap      ] GC(1) Eden regions: 29->0(49)
[2025-08-04T08:38:07.225+0000][gc,heap      ] GC(1) Survivor regions: 7->2(7)
[2025-08-04T08:38:07.225+0000][gc,heap      ] GC(1) Old regions: 3->10
[2025-08-04T08:38:07.225+0000][gc,heap      ] GC(1) Humongous regions: 0->0
[2025-08-04T08:38:07.225+0000][gc,metaspace ] GC(1) Metaspace: 20535K(21248K)->20535K(21248K) NonClass: 18069K(18432K)->18069K(18432K) Class: 2465K(2816K)->2465K(2816K)
[2025-08-04T08:38:07.225+0000][gc           ] GC(1) Pause Young (Concurrent Start) (Metadata GC Threshold) 36M->8M(1024M) 30.513ms
[2025-08-04T08:38:07.225+0000][gc,cpu       ] GC(1) User=0.31s Sys=0.04s Real=0.03s
[2025-08-04T08:38:07.225+0000][gc           ] GC(2) Concurrent Cycle
[2025-08-04T08:38:07.225+0000][gc,marking   ] GC(2) Concurrent Clear Claimed Marks
[2025-08-04T08:38:07.225+0000][gc,marking   ] GC(2) Concurrent Clear Claimed Marks 0.046ms
[2025-08-04T08:38:07.225+0000][gc,marking   ] GC(2) Concurrent Scan Root Regions
[2025-08-04T08:38:07.226+0000][gc,marking   ] GC(2) Concurrent Scan Root Regions 0.998ms
[2025-08-04T08:38:07.226+0000][gc,marking   ] GC(2) Concurrent Mark (1.024s)
[2025-08-04T08:38:07.226+0000][gc,marking   ] GC(2) Concurrent Mark From Roots
[2025-08-04T08:38:07.226+0000][gc,task      ] GC(2) Using 4 workers of 4 for marking
[2025-08-04T08:38:07.228+0000][gc,marking   ] GC(2) Concurrent Mark From Roots 2.616ms
[2025-08-04T08:38:07.228+0000][gc,marking   ] GC(2) Concurrent Preclean
[2025-08-04T08:38:07.229+0000][gc,marking   ] GC(2) Concurrent Preclean 0.074ms
[2025-08-04T08:38:07.229+0000][gc,marking   ] GC(2) Concurrent Mark (1.024s, 1.027s) 2.734ms
[2025-08-04T08:38:07.229+0000][gc,start     ] GC(2) Pause Remark
[2025-08-04T08:38:07.240+0000][gc,stringtable] GC(2) Cleaned string and symbol table, strings: 5635 processed, 0 removed, symbols: 53484 processed, 39 removed
[2025-08-04T08:38:07.240+0000][gc            ] GC(2) Pause Remark 9M->9M(1024M) 11.175ms
[2025-08-04T08:38:07.240+0000][gc,cpu        ] GC(2) User=0.12s Sys=0.00s Real=0.01s
[2025-08-04T08:38:07.240+0000][gc,marking    ] GC(2) Concurrent Rebuild Remembered Sets
[2025-08-04T08:38:07.242+0000][gc,marking    ] GC(2) Concurrent Rebuild Remembered Sets 1.874ms
[2025-08-04T08:38:07.243+0000][gc,start      ] GC(2) Pause Cleanup
[2025-08-04T08:38:07.243+0000][gc            ] GC(2) Pause Cleanup 9M->9M(1024M) 0.320ms
[2025-08-04T08:38:07.243+0000][gc,cpu        ] GC(2) User=0.01s Sys=0.00s Real=0.00s
[2025-08-04T08:38:07.243+0000][gc,marking    ] GC(2) Concurrent Cleanup for Next Mark
[2025-08-04T08:38:07.247+0000][gc,marking    ] GC(2) Concurrent Cleanup for Next Mark 4.190ms
[2025-08-04T08:38:07.247+0000][gc            ] GC(2) Concurrent Cycle 22.576ms
[2025-08-04T08:38:07.731+0000][gc,start      ] GC(3) Pause Young (Normal) (G1 Evacuation Pause)
[2025-08-04T08:38:07.731+0000][gc,task       ] GC(3) Using 15 workers of 15 for evacuation
[2025-08-04T08:38:07.752+0000][gc,mmu        ] GC(3) MMU target violated: 21.0ms (20.0ms/21.0ms)
[2025-08-04T08:38:07.752+0000][gc,phases     ] GC(3)   Pre Evacuate Collection Set: 0.0ms
[2025-08-04T08:38:07.752+0000][gc,phases     ] GC(3)   Evacuate Collection Set: 21.0ms
[2025-08-04T08:38:07.752+0000][gc,phases     ] GC(3)   Post Evacuate Collection Set: 0.6ms
[2025-08-04T08:38:07.752+0000][gc,phases     ] GC(3)   Other: 0.2ms
[2025-08-04T08:38:07.753+0000][gc,heap       ] GC(3) Eden regions: 49->0(48)
[2025-08-04T08:38:07.753+0000][gc,heap       ] GC(3) Survivor regions: 2->3(7)
[2025-08-04T08:38:07.753+0000][gc,heap       ] GC(3) Old regions: 10->10
[2025-08-04T08:38:07.753+0000][gc,heap       ] GC(3) Humongous regions: 129->129
[2025-08-04T08:38:07.753+0000][gc,metaspace  ] GC(3) Metaspace: 29522K(30464K)->29522K(30464K) NonClass: 26135K(26624K)->26135K(26624K) Class: 3386K(3840K)->3386K(3840K)
[2025-08-04T08:38:07.753+0000][gc            ] GC(3) Pause Young (Normal) (G1 Evacuation Pause) 186M->139M(1024M) 21.906ms
[2025-08-04T08:38:07.753+0000][gc,cpu        ] GC(3) User=0.18s Sys=0.00s Real=0.02s
[2025-08-04T08:38:08.002+0000][gc,start      ] GC(4) Pause Young (Concurrent Start) (Metadata GC Threshold)
[2025-08-04T08:38:08.002+0000][gc,task       ] GC(4) Using 15 workers of 15 for evacuation
[2025-08-04T08:38:08.023+0000][gc,mmu        ] GC(4) MMU target violated: 21.0ms (20.0ms/21.0ms)
[2025-08-04T08:38:08.023+0000][gc,phases     ] GC(4)   Pre Evacuate Collection Set: 0.1ms
[2025-08-04T08:38:08.023+0000][gc,phases     ] GC(4)   Evacuate Collection Set: 20.1ms
[2025-08-04T08:38:08.023+0000][gc,phases     ] GC(4)   Post Evacuate Collection Set: 0.7ms
[2025-08-04T08:38:08.023+0000][gc,phases     ] GC(4)   Other: 0.2ms
[2025-08-04T08:38:08.023+0000][gc,heap       ] GC(4) Eden regions: 35->0(44)
[2025-08-04T08:38:08.023+0000][gc,heap       ] GC(4) Survivor regions: 3->7(7)
[2025-08-04T08:38:08.023+0000][gc,heap       ] GC(4) Old regions: 10->10
[2025-08-04T08:38:08.023+0000][gc,heap       ] GC(4) Humongous regions: 129->129
[2025-08-04T08:38:08.023+0000][gc,metaspace  ] GC(4) Metaspace: 34536K(35840K)->34536K(35840K) NonClass: 30564K(31232K)->30564K(31232K) Class: 3972K(4608K)->3972K(4608K)
[2025-08-04T08:38:08.023+0000][gc            ] GC(4) Pause Young (Concurrent Start) (Metadata GC Threshold) 174M->142M(1024M) 21.224ms
[2025-08-04T08:38:08.023+0000][gc,cpu        ] GC(4) User=0.21s Sys=0.00s Real=0.02s
[2025-08-04T08:38:08.023+0000][gc            ] GC(5) Concurrent Cycle
[2025-08-04T08:38:08.023+0000][gc,marking    ] GC(5) Concurrent Clear Claimed Marks
[2025-08-04T08:38:08.023+0000][gc,marking    ] GC(5) Concurrent Clear Claimed Marks 0.036ms
[2025-08-04T08:38:08.023+0000][gc,marking    ] GC(5) Concurrent Scan Root Regions
[2025-08-04T08:38:08.024+0000][gc,marking    ] GC(5) Concurrent Scan Root Regions 1.177ms
[2025-08-04T08:38:08.024+0000][gc,marking    ] GC(5) Concurrent Mark (1.823s)
[2025-08-04T08:38:08.024+0000][gc,marking    ] GC(5) Concurrent Mark From Roots
[2025-08-04T08:38:08.024+0000][gc,task       ] GC(5) Using 4 workers of 4 for marking
[2025-08-04T08:38:08.027+0000][gc,marking    ] GC(5) Concurrent Mark From Roots 2.495ms
[2025-08-04T08:38:08.027+0000][gc,marking    ] GC(5) Concurrent Preclean
[2025-08-04T08:38:08.027+0000][gc,marking    ] GC(5) Concurrent Preclean 0.082ms
[2025-08-04T08:38:08.027+0000][gc,marking    ] GC(5) Concurrent Mark (1.823s, 1.826s) 2.650ms
[2025-08-04T08:38:08.028+0000][gc,start      ] GC(5) Pause Remark
[2025-08-04T08:38:08.034+0000][gc,stringtable] GC(5) Cleaned string and symbol table, strings: 9774 processed, 9 removed, symbols: 85307 processed, 20 removed
[2025-08-04T08:38:08.034+0000][gc            ] GC(5) Pause Remark 143M->143M(1024M) 6.540ms
[2025-08-04T08:38:08.034+0000][gc,cpu        ] GC(5) User=0.08s Sys=0.00s Real=0.00s
[2025-08-04T08:38:08.034+0000][gc,marking    ] GC(5) Concurrent Rebuild Remembered Sets
[2025-08-04T08:38:08.036+0000][gc,marking    ] GC(5) Concurrent Rebuild Remembered Sets 1.679ms
[2025-08-04T08:38:08.036+0000][gc,start      ] GC(5) Pause Cleanup
[2025-08-04T08:38:08.037+0000][gc            ] GC(5) Pause Cleanup 144M->144M(1024M) 0.406ms
[2025-08-04T08:38:08.037+0000][gc,cpu        ] GC(5) User=0.01s Sys=0.00s Real=0.00s
[2025-08-04T08:38:08.037+0000][gc,marking    ] GC(5) Concurrent Cleanup for Next Mark
[2025-08-04T08:38:08.041+0000][gc,marking    ] GC(5) Concurrent Cleanup for Next Mark 3.942ms
[2025-08-04T08:38:08.041+0000][gc            ] GC(5) Concurrent Cycle 17.927ms
[2025-08-04T08:43:28.680+0000][gc,start      ] GC(6) Pause Young (Normal) (G1 Evacuation Pause)
[2025-08-04T08:43:28.690+0000][gc,task       ] GC(6) Using 15 workers of 15 for evacuation
[2025-08-04T08:43:29.945+0000][gc,mmu        ] GC(6) MMU target violated: 21.0ms (20.0ms/21.0ms)
[2025-08-04T08:43:29.969+0000][gc,phases     ] GC(6)   Pre Evacuate Collection Set: 515.2ms
[2025-08-04T08:43:29.986+0000][gc,phases     ] GC(6)   Evacuate Collection Set: 607.6ms
[2025-08-04T08:43:30.024+0000][gc,phases     ] GC(6)   Post Evacuate Collection Set: 68.3ms
[2025-08-04T08:43:30.057+0000][gc,phases     ] GC(6)   Other: 96.8ms
[2025-08-04T08:43:30.060+0000][gc,heap       ] GC(6) Eden regions: 44->0(45)
[2025-08-04T08:43:30.062+0000][gc,heap       ] GC(6) Survivor regions: 7->6(7)
[2025-08-04T08:43:30.062+0000][gc,heap       ] GC(6) Old regions: 10->12
[2025-08-04T08:43:30.062+0000][gc,heap       ] GC(6) Humongous regions: 129->129
[2025-08-04T08:43:30.065+0000][gc,metaspace  ] GC(6) Metaspace: 41772K(44416K)->41772K(44416K) NonClass: 36480K(37888K)->36480K(37888K) Class: 5291K(6528K)->5291K(6528K)
[2025-08-04T08:43:30.098+0000][gc            ] GC(6) Pause Young (Normal) (G1 Evacuation Pause) 186M->145M(1024M) 1410.907ms
[2025-08-04T08:43:30.129+0000][gc,cpu        ] GC(6) User=2.55s Sys=2.88s Real=1.43s
[2025-08-04T08:48:37.538+0000][gc,heap,exit  ] Heap
[2025-08-04T08:48:37.538+0000][gc,heap,exit  ]  garbage-first heap   total 1048576K, used 162917K [0x00000000c0000000, 0x0000000100000000)
[2025-08-04T08:48:37.538+0000][gc,heap,exit  ]   region size 1024K, 22 young (22528K), 6 survivors (6144K)
[2025-08-04T08:48:37.538+0000][gc,heap,exit  ]  Metaspace       used 42931K, capacity 45392K, committed 45696K, reserved 1087488K
[2025-08-04T08:48:37.538+0000][gc,heap,exit  ]   class space    used 5535K, capacity 6746K, committed 6784K, reserved 1048576K
