[2025-08-05T04:36:17.199+0000][gc,heap] Heap region size: 1M
[2025-08-05T04:36:17.207+0000][gc     ] Using G1
[2025-08-05T04:36:17.207+0000][gc,heap,coops] Heap address: 0x00000000c0000000, size: 1024 MB, Compressed Oops mode: 32-bit
[2025-08-05T04:36:17.207+0000][gc,cds       ] Mark closed archive regions in map: [0x00000000fff00000, 0x00000000fff6bff8]
[2025-08-05T04:36:17.207+0000][gc,cds       ] Mark open archive regions in map: [0x00000000ffe00000, 0x00000000ffe47ff8]
[2025-08-05T04:36:17.940+0000][gc,start     ] GC(0) Pause Young (Normal) (G1 Evacuation Pause)
[2025-08-05T04:36:17.944+0000][gc,task      ] GC(0) Using 15 workers of 15 for evacuation
[2025-08-05T04:36:17.954+0000][gc,phases    ] GC(0)   Pre Evacuate Collection Set: 0.0ms
[2025-08-05T04:36:17.954+0000][gc,phases    ] GC(0)   Evacuate Collection Set: 10.0ms
[2025-08-05T04:36:17.954+0000][gc,phases    ] GC(0)   Post Evacuate Collection Set: 0.6ms
[2025-08-05T04:36:17.954+0000][gc,phases    ] GC(0)   Other: 3.4ms
[2025-08-05T04:36:17.954+0000][gc,heap      ] GC(0) Eden regions: 51->0(44)
[2025-08-05T04:36:17.954+0000][gc,heap      ] GC(0) Survivor regions: 0->7(7)
[2025-08-05T04:36:17.954+0000][gc,heap      ] GC(0) Old regions: 2->3
[2025-08-05T04:36:17.954+0000][gc,heap      ] GC(0) Humongous regions: 0->0
[2025-08-05T04:36:17.954+0000][gc,metaspace ] GC(0) Metaspace: 13978K(14848K)->13978K(14848K) NonClass: 12257K(12800K)->12257K(12800K) Class: 1721K(2048K)->1721K(2048K)
[2025-08-05T04:36:17.954+0000][gc           ] GC(0) Pause Young (Normal) (G1 Evacuation Pause) 51M->8M(1024M) 14.051ms
[2025-08-05T04:36:17.954+0000][gc,cpu       ] GC(0) User=0.09s Sys=0.07s Real=0.02s
[2025-08-05T04:36:18.396+0000][gc,start     ] GC(1) Pause Young (Concurrent Start) (Metadata GC Threshold)
[2025-08-05T04:36:18.396+0000][gc,task      ] GC(1) Using 15 workers of 15 for evacuation
[2025-08-05T04:36:18.419+0000][gc,mmu       ] GC(1) MMU target violated: 21.0ms (20.0ms/21.0ms)
[2025-08-05T04:36:18.419+0000][gc,phases    ] GC(1)   Pre Evacuate Collection Set: 0.0ms
[2025-08-05T04:36:18.419+0000][gc,phases    ] GC(1)   Evacuate Collection Set: 22.4ms
[2025-08-05T04:36:18.419+0000][gc,phases    ] GC(1)   Post Evacuate Collection Set: 0.7ms
[2025-08-05T04:36:18.419+0000][gc,phases    ] GC(1)   Other: 0.4ms
[2025-08-05T04:36:18.420+0000][gc,heap      ] GC(1) Eden regions: 30->0(49)
[2025-08-05T04:36:18.420+0000][gc,heap      ] GC(1) Survivor regions: 7->2(7)
[2025-08-05T04:36:18.420+0000][gc,heap      ] GC(1) Old regions: 3->10
[2025-08-05T04:36:18.420+0000][gc,heap      ] GC(1) Humongous regions: 0->0
[2025-08-05T04:36:18.420+0000][gc,metaspace ] GC(1) Metaspace: 20508K(21296K)->20508K(21296K) NonClass: 18056K(18608K)->18056K(18608K) Class: 2452K(2688K)->2452K(2688K)
[2025-08-05T04:36:18.420+0000][gc           ] GC(1) Pause Young (Concurrent Start) (Metadata GC Threshold) 38M->9M(1024M) 23.512ms
[2025-08-05T04:36:18.420+0000][gc,cpu       ] GC(1) User=0.22s Sys=0.06s Real=0.02s
[2025-08-05T04:36:18.420+0000][gc           ] GC(2) Concurrent Cycle
[2025-08-05T04:36:18.420+0000][gc,marking   ] GC(2) Concurrent Clear Claimed Marks
[2025-08-05T04:36:18.420+0000][gc,marking   ] GC(2) Concurrent Clear Claimed Marks 0.024ms
[2025-08-05T04:36:18.420+0000][gc,marking   ] GC(2) Concurrent Scan Root Regions
[2025-08-05T04:36:18.421+0000][gc,marking   ] GC(2) Concurrent Scan Root Regions 1.061ms
[2025-08-05T04:36:18.421+0000][gc,marking   ] GC(2) Concurrent Mark (1.224s)
[2025-08-05T04:36:18.421+0000][gc,marking   ] GC(2) Concurrent Mark From Roots
[2025-08-05T04:36:18.421+0000][gc,task      ] GC(2) Using 4 workers of 4 for marking
[2025-08-05T04:36:18.424+0000][gc,marking   ] GC(2) Concurrent Mark From Roots 2.754ms
[2025-08-05T04:36:18.424+0000][gc,marking   ] GC(2) Concurrent Preclean
[2025-08-05T04:36:18.424+0000][gc,marking   ] GC(2) Concurrent Preclean 0.065ms
[2025-08-05T04:36:18.424+0000][gc,marking   ] GC(2) Concurrent Mark (1.224s, 1.227s) 2.858ms
[2025-08-05T04:36:18.424+0000][gc,start     ] GC(2) Pause Remark
[2025-08-05T04:36:18.426+0000][gc,stringtable] GC(2) Cleaned string and symbol table, strings: 5679 processed, 0 removed, symbols: 53728 processed, 43 removed
[2025-08-05T04:36:18.427+0000][gc            ] GC(2) Pause Remark 9M->9M(1024M) 2.689ms
[2025-08-05T04:36:18.427+0000][gc,cpu        ] GC(2) User=0.02s Sys=0.00s Real=0.00s
[2025-08-05T04:36:18.427+0000][gc,marking    ] GC(2) Concurrent Rebuild Remembered Sets
[2025-08-05T04:36:18.429+0000][gc,marking    ] GC(2) Concurrent Rebuild Remembered Sets 1.768ms
[2025-08-05T04:36:18.429+0000][gc,start      ] GC(2) Pause Cleanup
[2025-08-05T04:36:18.430+0000][gc            ] GC(2) Pause Cleanup 9M->9M(1024M) 0.485ms
[2025-08-05T04:36:18.430+0000][gc,cpu        ] GC(2) User=0.00s Sys=0.00s Real=0.00s
[2025-08-05T04:36:18.430+0000][gc,marking    ] GC(2) Concurrent Cleanup for Next Mark
[2025-08-05T04:36:18.434+0000][gc,marking    ] GC(2) Concurrent Cleanup for Next Mark 4.445ms
[2025-08-05T04:36:18.434+0000][gc            ] GC(2) Concurrent Cycle 14.536ms
[2025-08-05T04:36:18.976+0000][gc,start      ] GC(3) Pause Young (Normal) (G1 Evacuation Pause)
[2025-08-05T04:36:18.976+0000][gc,task       ] GC(3) Using 15 workers of 15 for evacuation
[2025-08-05T04:36:18.989+0000][gc,phases     ] GC(3)   Pre Evacuate Collection Set: 0.0ms
[2025-08-05T04:36:18.989+0000][gc,phases     ] GC(3)   Evacuate Collection Set: 12.3ms
[2025-08-05T04:36:18.989+0000][gc,phases     ] GC(3)   Post Evacuate Collection Set: 0.6ms
[2025-08-05T04:36:18.989+0000][gc,phases     ] GC(3)   Other: 0.3ms
[2025-08-05T04:36:18.989+0000][gc,heap       ] GC(3) Eden regions: 49->0(46)
[2025-08-05T04:36:18.989+0000][gc,heap       ] GC(3) Survivor regions: 2->5(7)
[2025-08-05T04:36:18.989+0000][gc,heap       ] GC(3) Old regions: 10->10
[2025-08-05T04:36:18.989+0000][gc,heap       ] GC(3) Humongous regions: 129->129
[2025-08-05T04:36:18.989+0000][gc,metaspace  ] GC(3) Metaspace: 28875K(30128K)->28875K(30128K) NonClass: 25523K(26288K)->25523K(26288K) Class: 3351K(3840K)->3351K(3840K)
[2025-08-05T04:36:18.989+0000][gc            ] GC(3) Pause Young (Normal) (G1 Evacuation Pause) 187M->141M(1024M) 13.241ms
[2025-08-05T04:36:18.989+0000][gc,cpu        ] GC(3) User=0.19s Sys=0.01s Real=0.01s
[2025-08-05T04:36:19.284+0000][gc,start      ] GC(4) Pause Young (Concurrent Start) (Metadata GC Threshold)
[2025-08-05T04:36:19.284+0000][gc,task       ] GC(4) Using 15 workers of 15 for evacuation
[2025-08-05T04:36:19.292+0000][gc,phases     ] GC(4)   Pre Evacuate Collection Set: 0.1ms
[2025-08-05T04:36:19.292+0000][gc,phases     ] GC(4)   Evacuate Collection Set: 7.4ms
[2025-08-05T04:36:19.292+0000][gc,phases     ] GC(4)   Post Evacuate Collection Set: 0.8ms
[2025-08-05T04:36:19.292+0000][gc,phases     ] GC(4)   Other: 0.2ms
[2025-08-05T04:36:19.292+0000][gc,heap       ] GC(4) Eden regions: 34->0(45)
[2025-08-05T04:36:19.292+0000][gc,heap       ] GC(4) Survivor regions: 5->6(7)
[2025-08-05T04:36:19.292+0000][gc,heap       ] GC(4) Old regions: 10->11
[2025-08-05T04:36:19.292+0000][gc,heap       ] GC(4) Humongous regions: 129->129
[2025-08-05T04:36:19.292+0000][gc,metaspace  ] GC(4) Metaspace: 34407K(35632K)->34407K(35632K) NonClass: 30489K(31152K)->30489K(31152K) Class: 3917K(4480K)->3917K(4480K)
[2025-08-05T04:36:19.292+0000][gc            ] GC(4) Pause Young (Concurrent Start) (Metadata GC Threshold) 174M->143M(1024M) 8.635ms
[2025-08-05T04:36:19.292+0000][gc,cpu        ] GC(4) User=0.10s Sys=0.00s Real=0.00s
[2025-08-05T04:36:19.292+0000][gc            ] GC(5) Concurrent Cycle
[2025-08-05T04:36:19.292+0000][gc,marking    ] GC(5) Concurrent Clear Claimed Marks
[2025-08-05T04:36:19.292+0000][gc,marking    ] GC(5) Concurrent Clear Claimed Marks 0.054ms
[2025-08-05T04:36:19.292+0000][gc,marking    ] GC(5) Concurrent Scan Root Regions
[2025-08-05T04:36:19.293+0000][gc,marking    ] GC(5) Concurrent Scan Root Regions 1.002ms
[2025-08-05T04:36:19.293+0000][gc,marking    ] GC(5) Concurrent Mark (2.096s)
[2025-08-05T04:36:19.293+0000][gc,marking    ] GC(5) Concurrent Mark From Roots
[2025-08-05T04:36:19.293+0000][gc,task       ] GC(5) Using 4 workers of 4 for marking
[2025-08-05T04:36:19.296+0000][gc,marking    ] GC(5) Concurrent Mark From Roots 3.044ms
[2025-08-05T04:36:19.296+0000][gc,marking    ] GC(5) Concurrent Preclean
[2025-08-05T04:36:19.297+0000][gc,marking    ] GC(5) Concurrent Preclean 0.073ms
[2025-08-05T04:36:19.297+0000][gc,marking    ] GC(5) Concurrent Mark (2.096s, 2.100s) 3.179ms
[2025-08-05T04:36:19.298+0000][gc,start      ] GC(5) Pause Remark
[2025-08-05T04:36:19.305+0000][gc,stringtable] GC(5) Cleaned string and symbol table, strings: 10486 processed, 10 removed, symbols: 87132 processed, 18 removed
[2025-08-05T04:36:19.306+0000][gc            ] GC(5) Pause Remark 144M->144M(1024M) 8.040ms
[2025-08-05T04:36:19.306+0000][gc,cpu        ] GC(5) User=0.08s Sys=0.00s Real=0.01s
[2025-08-05T04:36:19.306+0000][gc,marking    ] GC(5) Concurrent Rebuild Remembered Sets
[2025-08-05T04:36:19.308+0000][gc,marking    ] GC(5) Concurrent Rebuild Remembered Sets 2.202ms
[2025-08-05T04:36:19.308+0000][gc,start      ] GC(5) Pause Cleanup
[2025-08-05T04:36:19.309+0000][gc            ] GC(5) Pause Cleanup 145M->145M(1024M) 0.295ms
[2025-08-05T04:36:19.309+0000][gc,cpu        ] GC(5) User=0.00s Sys=0.00s Real=0.00s
[2025-08-05T04:36:19.309+0000][gc,marking    ] GC(5) Concurrent Cleanup for Next Mark
[2025-08-05T04:36:19.313+0000][gc,marking    ] GC(5) Concurrent Cleanup for Next Mark 4.147ms
[2025-08-05T04:36:19.313+0000][gc            ] GC(5) Concurrent Cycle 20.936ms
[2025-08-05T04:37:12.184+0000][gc,start      ] GC(6) Pause Young (Normal) (G1 Evacuation Pause)
[2025-08-05T04:37:12.185+0000][gc,task       ] GC(6) Using 15 workers of 15 for evacuation
[2025-08-05T04:37:12.230+0000][gc,mmu        ] GC(6) MMU target violated: 21.0ms (20.0ms/21.0ms)
[2025-08-05T04:37:12.230+0000][gc,phases     ] GC(6)   Pre Evacuate Collection Set: 0.0ms
[2025-08-05T04:37:12.230+0000][gc,phases     ] GC(6)   Evacuate Collection Set: 44.0ms
[2025-08-05T04:37:12.230+0000][gc,phases     ] GC(6)   Post Evacuate Collection Set: 0.8ms
[2025-08-05T04:37:12.230+0000][gc,phases     ] GC(6)   Other: 0.6ms
[2025-08-05T04:37:12.230+0000][gc,heap       ] GC(6) Eden regions: 45->0(45)
[2025-08-05T04:37:12.230+0000][gc,heap       ] GC(6) Survivor regions: 6->6(7)
[2025-08-05T04:37:12.230+0000][gc,heap       ] GC(6) Old regions: 11->13
[2025-08-05T04:37:12.230+0000][gc,heap       ] GC(6) Humongous regions: 129->129
[2025-08-05T04:37:12.230+0000][gc,metaspace  ] GC(6) Metaspace: 40814K(43184K)->40814K(43184K) NonClass: 35708K(37040K)->35708K(37040K) Class: 5106K(6144K)->5106K(6144K)
[2025-08-05T04:37:12.230+0000][gc            ] GC(6) Pause Young (Normal) (G1 Evacuation Pause) 188M->146M(1024M) 45.388ms
[2025-08-05T04:37:12.230+0000][gc,cpu        ] GC(6) User=0.59s Sys=0.11s Real=0.04s
[2025-08-05T04:47:19.763+0000][gc,start      ] GC(7) Pause Young (Normal) (G1 Evacuation Pause)
[2025-08-05T04:47:19.763+0000][gc,task       ] GC(7) Using 15 workers of 15 for evacuation
[2025-08-05T04:47:19.995+0000][gc,mmu        ] GC(7) MMU target violated: 21.0ms (20.0ms/21.0ms)
[2025-08-05T04:47:19.995+0000][gc,phases     ] GC(7)   Pre Evacuate Collection Set: 75.7ms
[2025-08-05T04:47:19.995+0000][gc,phases     ] GC(7)   Evacuate Collection Set: 147.8ms
[2025-08-05T04:47:19.995+0000][gc,phases     ] GC(7)   Post Evacuate Collection Set: 3.7ms
[2025-08-05T04:47:19.995+0000][gc,phases     ] GC(7)   Other: 5.3ms
[2025-08-05T04:47:19.995+0000][gc,heap       ] GC(7) Eden regions: 45->0(46)
[2025-08-05T04:47:19.995+0000][gc,heap       ] GC(7) Survivor regions: 6->5(7)
[2025-08-05T04:47:19.995+0000][gc,heap       ] GC(7) Old regions: 13->16
[2025-08-05T04:47:19.995+0000][gc,heap       ] GC(7) Humongous regions: 129->129
[2025-08-05T04:47:19.995+0000][gc,metaspace  ] GC(7) Metaspace: 45023K(47792K)->45023K(47792K) NonClass: 39252K(40624K)->39252K(40624K) Class: 5771K(7168K)->5771K(7168K)
[2025-08-05T04:47:19.995+0000][gc            ] GC(7) Pause Young (Normal) (G1 Evacuation Pause) 191M->147M(1024M) 232.306ms
[2025-08-05T04:47:19.995+0000][gc,cpu        ] GC(7) User=0.92s Sys=0.15s Real=0.24s
[2025-08-05T04:47:21.776+0000][gc,heap,exit  ] Heap
[2025-08-05T04:47:21.776+0000][gc,heap,exit  ]  garbage-first heap   total 1048576K, used 161442K [0x00000000c0000000, 0x0000000100000000)
[2025-08-05T04:47:21.776+0000][gc,heap,exit  ]   region size 1024K, 16 young (16384K), 5 survivors (5120K)
[2025-08-05T04:47:21.776+0000][gc,heap,exit  ]  Metaspace       used 45964K, capacity 48799K, committed 48944K, reserved 1091584K
[2025-08-05T04:47:21.776+0000][gc,heap,exit  ]   class space    used 5993K, capacity 7438K, committed 7552K, reserved 1048576K
