[2025-08-08T04:40:49.889+0000][gc,heap] Heap region size: 1M
[2025-08-08T04:40:49.899+0000][gc     ] Using G1
[2025-08-08T04:40:49.899+0000][gc,heap,coops] Heap address: 0x00000000c0000000, size: 1024 MB, Compressed Oops mode: 32-bit
[2025-08-08T04:40:49.900+0000][gc,cds       ] Mark closed archive regions in map: [0x00000000fff00000, 0x00000000fff6bff8]
[2025-08-08T04:40:49.900+0000][gc,cds       ] Mark open archive regions in map: [0x00000000ffe00000, 0x00000000ffe47ff8]
[2025-08-08T04:40:50.601+0000][gc,start     ] GC(0) Pause Young (Normal) (G1 Evacuation Pause)
[2025-08-08T04:40:50.602+0000][gc,task      ] GC(0) Using 15 workers of 15 for evacuation
[2025-08-08T04:40:50.615+0000][gc,phases    ] GC(0)   Pre Evacuate Collection Set: 0.0ms
[2025-08-08T04:40:50.615+0000][gc,phases    ] GC(0)   Evacuate Collection Set: 11.5ms
[2025-08-08T04:40:50.615+0000][gc,phases    ] GC(0)   Post Evacuate Collection Set: 0.7ms
[2025-08-08T04:40:50.615+0000][gc,phases    ] GC(0)   Other: 1.5ms
[2025-08-08T04:40:50.615+0000][gc,heap      ] GC(0) Eden regions: 51->0(44)
[2025-08-08T04:40:50.615+0000][gc,heap      ] GC(0) Survivor regions: 0->7(7)
[2025-08-08T04:40:50.615+0000][gc,heap      ] GC(0) Old regions: 2->3
[2025-08-08T04:40:50.615+0000][gc,heap      ] GC(0) Humongous regions: 0->0
[2025-08-08T04:40:50.615+0000][gc,metaspace ] GC(0) Metaspace: 14175K(15104K)->14175K(15104K) NonClass: 12440K(13056K)->12440K(13056K) Class: 1734K(2048K)->1734K(2048K)
[2025-08-08T04:40:50.615+0000][gc           ] GC(0) Pause Young (Normal) (G1 Evacuation Pause) 51M->7M(1024M) 13.843ms
[2025-08-08T04:40:50.615+0000][gc,cpu       ] GC(0) User=0.11s Sys=0.02s Real=0.01s
[2025-08-08T04:40:51.042+0000][gc,start     ] GC(1) Pause Young (Concurrent Start) (Metadata GC Threshold)
[2025-08-08T04:40:51.042+0000][gc,task      ] GC(1) Using 15 workers of 15 for evacuation
[2025-08-08T04:40:51.055+0000][gc,phases    ] GC(1)   Pre Evacuate Collection Set: 0.0ms
[2025-08-08T04:40:51.056+0000][gc,phases    ] GC(1)   Evacuate Collection Set: 12.7ms
[2025-08-08T04:40:51.056+0000][gc,phases    ] GC(1)   Post Evacuate Collection Set: 0.6ms
[2025-08-08T04:40:51.056+0000][gc,phases    ] GC(1)   Other: 0.2ms
[2025-08-08T04:40:51.056+0000][gc,heap      ] GC(1) Eden regions: 29->0(49)
[2025-08-08T04:40:51.056+0000][gc,heap      ] GC(1) Survivor regions: 7->2(7)
[2025-08-08T04:40:51.056+0000][gc,heap      ] GC(1) Old regions: 3->10
[2025-08-08T04:40:51.056+0000][gc,heap      ] GC(1) Humongous regions: 0->0
[2025-08-08T04:40:51.056+0000][gc,metaspace ] GC(1) Metaspace: 20478K(21296K)->20478K(21296K) NonClass: 18030K(18608K)->18030K(18608K) Class: 2448K(2688K)->2448K(2688K)
[2025-08-08T04:40:51.056+0000][gc           ] GC(1) Pause Young (Concurrent Start) (Metadata GC Threshold) 36M->9M(1024M) 13.649ms
[2025-08-08T04:40:51.056+0000][gc,cpu       ] GC(1) User=0.10s Sys=0.05s Real=0.01s
[2025-08-08T04:40:51.056+0000][gc           ] GC(2) Concurrent Cycle
[2025-08-08T04:40:51.056+0000][gc,marking   ] GC(2) Concurrent Clear Claimed Marks
[2025-08-08T04:40:51.056+0000][gc,marking   ] GC(2) Concurrent Clear Claimed Marks 0.048ms
[2025-08-08T04:40:51.056+0000][gc,marking   ] GC(2) Concurrent Scan Root Regions
[2025-08-08T04:40:51.057+0000][gc,marking   ] GC(2) Concurrent Scan Root Regions 1.102ms
[2025-08-08T04:40:51.057+0000][gc,marking   ] GC(2) Concurrent Mark (1.170s)
[2025-08-08T04:40:51.057+0000][gc,marking   ] GC(2) Concurrent Mark From Roots
[2025-08-08T04:40:51.057+0000][gc,task      ] GC(2) Using 4 workers of 4 for marking
[2025-08-08T04:40:51.060+0000][gc,marking   ] GC(2) Concurrent Mark From Roots 3.629ms
[2025-08-08T04:40:51.060+0000][gc,marking   ] GC(2) Concurrent Preclean
[2025-08-08T04:40:51.061+0000][gc,marking   ] GC(2) Concurrent Preclean 0.094ms
[2025-08-08T04:40:51.061+0000][gc,marking   ] GC(2) Concurrent Mark (1.170s, 1.174s) 3.799ms
[2025-08-08T04:40:51.061+0000][gc,start     ] GC(2) Pause Remark
[2025-08-08T04:40:51.065+0000][gc,stringtable] GC(2) Cleaned string and symbol table, strings: 5678 processed, 0 removed, symbols: 53724 processed, 43 removed
[2025-08-08T04:40:51.065+0000][gc            ] GC(2) Pause Remark 9M->9M(1024M) 4.540ms
[2025-08-08T04:40:51.065+0000][gc,cpu        ] GC(2) User=0.03s Sys=0.00s Real=0.00s
[2025-08-08T04:40:51.066+0000][gc,marking    ] GC(2) Concurrent Rebuild Remembered Sets
[2025-08-08T04:40:51.067+0000][gc,marking    ] GC(2) Concurrent Rebuild Remembered Sets 1.561ms
[2025-08-08T04:40:51.068+0000][gc,start      ] GC(2) Pause Cleanup
[2025-08-08T04:40:51.068+0000][gc            ] GC(2) Pause Cleanup 9M->9M(1024M) 0.322ms
[2025-08-08T04:40:51.068+0000][gc,cpu        ] GC(2) User=0.00s Sys=0.00s Real=0.00s
[2025-08-08T04:40:51.068+0000][gc,marking    ] GC(2) Concurrent Cleanup for Next Mark
[2025-08-08T04:40:51.072+0000][gc,marking    ] GC(2) Concurrent Cleanup for Next Mark 4.447ms
[2025-08-08T04:40:51.072+0000][gc            ] GC(2) Concurrent Cycle 16.892ms
[2025-08-08T04:40:51.584+0000][gc,start      ] GC(3) Pause Young (Normal) (G1 Evacuation Pause)
[2025-08-08T04:40:51.585+0000][gc,task       ] GC(3) Using 15 workers of 15 for evacuation
[2025-08-08T04:40:51.595+0000][gc,phases     ] GC(3)   Pre Evacuate Collection Set: 0.0ms
[2025-08-08T04:40:51.595+0000][gc,phases     ] GC(3)   Evacuate Collection Set: 10.2ms
[2025-08-08T04:40:51.595+0000][gc,phases     ] GC(3)   Post Evacuate Collection Set: 0.5ms
[2025-08-08T04:40:51.595+0000][gc,phases     ] GC(3)   Other: 0.1ms
[2025-08-08T04:40:51.595+0000][gc,heap       ] GC(3) Eden regions: 49->0(47)
[2025-08-08T04:40:51.595+0000][gc,heap       ] GC(3) Survivor regions: 2->4(7)
[2025-08-08T04:40:51.595+0000][gc,heap       ] GC(3) Old regions: 10->10
[2025-08-08T04:40:51.595+0000][gc,heap       ] GC(3) Humongous regions: 129->129
[2025-08-08T04:40:51.595+0000][gc,metaspace  ] GC(3) Metaspace: 28848K(30076K)->28848K(30076K) NonClass: 25498K(26288K)->25498K(26288K) Class: 3349K(3788K)->3349K(3788K)
[2025-08-08T04:40:51.595+0000][gc            ] GC(3) Pause Young (Normal) (G1 Evacuation Pause) 187M->140M(1024M) 10.914ms
[2025-08-08T04:40:51.595+0000][gc,cpu        ] GC(3) User=0.10s Sys=0.01s Real=0.01s
[2025-08-08T04:40:51.911+0000][gc,start      ] GC(4) Pause Young (Concurrent Start) (Metadata GC Threshold)
[2025-08-08T04:40:51.911+0000][gc,task       ] GC(4) Using 15 workers of 15 for evacuation
[2025-08-08T04:40:51.921+0000][gc,phases     ] GC(4)   Pre Evacuate Collection Set: 0.1ms
[2025-08-08T04:40:51.921+0000][gc,phases     ] GC(4)   Evacuate Collection Set: 8.7ms
[2025-08-08T04:40:51.921+0000][gc,phases     ] GC(4)   Post Evacuate Collection Set: 0.6ms
[2025-08-08T04:40:51.921+0000][gc,phases     ] GC(4)   Other: 0.2ms
[2025-08-08T04:40:51.921+0000][gc,heap       ] GC(4) Eden regions: 36->0(44)
[2025-08-08T04:40:51.921+0000][gc,heap       ] GC(4) Survivor regions: 4->7(7)
[2025-08-08T04:40:51.921+0000][gc,heap       ] GC(4) Old regions: 10->11
[2025-08-08T04:40:51.921+0000][gc,heap       ] GC(4) Humongous regions: 129->129
[2025-08-08T04:40:51.921+0000][gc,metaspace  ] GC(4) Metaspace: 34697K(35964K)->34697K(35964K) NonClass: 30733K(31408K)->30733K(31408K) Class: 3963K(4556K)->3963K(4556K)
[2025-08-08T04:40:51.921+0000][gc            ] GC(4) Pause Young (Concurrent Start) (Metadata GC Threshold) 176M->143M(1024M) 9.707ms
[2025-08-08T04:40:51.921+0000][gc,cpu        ] GC(4) User=0.10s Sys=0.00s Real=0.01s
[2025-08-08T04:40:51.921+0000][gc            ] GC(5) Concurrent Cycle
[2025-08-08T04:40:51.921+0000][gc,marking    ] GC(5) Concurrent Clear Claimed Marks
[2025-08-08T04:40:51.921+0000][gc,marking    ] GC(5) Concurrent Clear Claimed Marks 0.049ms
[2025-08-08T04:40:51.921+0000][gc,marking    ] GC(5) Concurrent Scan Root Regions
[2025-08-08T04:40:51.922+0000][gc,marking    ] GC(5) Concurrent Scan Root Regions 1.154ms
[2025-08-08T04:40:51.922+0000][gc,marking    ] GC(5) Concurrent Mark (2.036s)
[2025-08-08T04:40:51.922+0000][gc,marking    ] GC(5) Concurrent Mark From Roots
[2025-08-08T04:40:51.922+0000][gc,task       ] GC(5) Using 4 workers of 4 for marking
[2025-08-08T04:40:51.926+0000][gc,marking    ] GC(5) Concurrent Mark From Roots 3.704ms
[2025-08-08T04:40:51.926+0000][gc,marking    ] GC(5) Concurrent Preclean
[2025-08-08T04:40:51.927+0000][gc,marking    ] GC(5) Concurrent Preclean 0.342ms
[2025-08-08T04:40:51.927+0000][gc,marking    ] GC(5) Concurrent Mark (2.036s, 2.040s) 4.177ms
[2025-08-08T04:40:51.927+0000][gc,start      ] GC(5) Pause Remark
[2025-08-08T04:40:51.932+0000][gc,stringtable] GC(5) Cleaned string and symbol table, strings: 10498 processed, 10 removed, symbols: 87620 processed, 19 removed
[2025-08-08T04:40:51.932+0000][gc            ] GC(5) Pause Remark 144M->144M(1024M) 5.507ms
[2025-08-08T04:40:51.932+0000][gc,cpu        ] GC(5) User=0.05s Sys=0.00s Real=0.01s
[2025-08-08T04:40:51.933+0000][gc,marking    ] GC(5) Concurrent Rebuild Remembered Sets
[2025-08-08T04:40:51.935+0000][gc,marking    ] GC(5) Concurrent Rebuild Remembered Sets 2.219ms
[2025-08-08T04:40:51.935+0000][gc,start      ] GC(5) Pause Cleanup
[2025-08-08T04:40:51.936+0000][gc            ] GC(5) Pause Cleanup 144M->144M(1024M) 0.355ms
[2025-08-08T04:40:51.936+0000][gc,cpu        ] GC(5) User=0.00s Sys=0.00s Real=0.00s
[2025-08-08T04:40:51.936+0000][gc,marking    ] GC(5) Concurrent Cleanup for Next Mark
[2025-08-08T04:40:51.948+0000][gc,marking    ] GC(5) Concurrent Cleanup for Next Mark 12.150ms
[2025-08-08T04:40:51.948+0000][gc            ] GC(5) Concurrent Cycle 26.912ms
[2025-08-08T04:43:02.621+0000][gc,start      ] GC(6) Pause Young (Normal) (G1 Evacuation Pause)
[2025-08-08T04:43:02.621+0000][gc,task       ] GC(6) Using 15 workers of 15 for evacuation
[2025-08-08T04:43:02.631+0000][gc,phases     ] GC(6)   Pre Evacuate Collection Set: 0.6ms
[2025-08-08T04:43:02.631+0000][gc,phases     ] GC(6)   Evacuate Collection Set: 7.3ms
[2025-08-08T04:43:02.631+0000][gc,phases     ] GC(6)   Post Evacuate Collection Set: 1.7ms
[2025-08-08T04:43:02.631+0000][gc,phases     ] GC(6)   Other: 0.5ms
[2025-08-08T04:43:02.631+0000][gc,heap       ] GC(6) Eden regions: 44->0(45)
[2025-08-08T04:43:02.631+0000][gc,heap       ] GC(6) Survivor regions: 7->6(7)
[2025-08-08T04:43:02.631+0000][gc,heap       ] GC(6) Old regions: 11->13
[2025-08-08T04:43:02.631+0000][gc,heap       ] GC(6) Humongous regions: 129->129
[2025-08-08T04:43:02.631+0000][gc,metaspace  ] GC(6) Metaspace: 42067K(44412K)->42067K(44412K) NonClass: 36691K(37808K)->36691K(37808K) Class: 5376K(6604K)->5376K(6604K)
[2025-08-08T04:43:02.631+0000][gc            ] GC(6) Pause Young (Normal) (G1 Evacuation Pause) 187M->146M(1024M) 10.157ms
[2025-08-08T04:43:02.631+0000][gc,cpu        ] GC(6) User=0.11s Sys=0.01s Real=0.01s
[2025-08-08T04:48:38.639+0000][gc,start      ] GC(7) Pause Young (Normal) (G1 Evacuation Pause)
[2025-08-08T04:48:38.639+0000][gc,task       ] GC(7) Using 15 workers of 15 for evacuation
[2025-08-08T04:48:38.667+0000][gc,mmu        ] GC(7) MMU target violated: 21.0ms (20.0ms/21.0ms)
[2025-08-08T04:48:38.667+0000][gc,phases     ] GC(7)   Pre Evacuate Collection Set: 0.8ms
[2025-08-08T04:48:38.667+0000][gc,phases     ] GC(7)   Evacuate Collection Set: 24.3ms
[2025-08-08T04:48:38.667+0000][gc,phases     ] GC(7)   Post Evacuate Collection Set: 1.9ms
[2025-08-08T04:48:38.667+0000][gc,phases     ] GC(7)   Other: 1.3ms
[2025-08-08T04:48:38.667+0000][gc,heap       ] GC(7) Eden regions: 45->0(46)
[2025-08-08T04:48:38.667+0000][gc,heap       ] GC(7) Survivor regions: 6->5(7)
[2025-08-08T04:48:38.667+0000][gc,heap       ] GC(7) Old regions: 13->16
[2025-08-08T04:48:38.667+0000][gc,heap       ] GC(7) Humongous regions: 129->129
[2025-08-08T04:48:38.667+0000][gc,metaspace  ] GC(7) Metaspace: 44952K(47612K)->44952K(47612K) NonClass: 39263K(40624K)->39263K(40624K) Class: 5689K(6988K)->5689K(6988K)
[2025-08-08T04:48:38.667+0000][gc            ] GC(7) Pause Young (Normal) (G1 Evacuation Pause) 191M->148M(1024M) 28.248ms
[2025-08-08T04:48:38.667+0000][gc,cpu        ] GC(7) User=0.34s Sys=0.01s Real=0.03s
[2025-08-08T04:58:32.120+0000][gc,start      ] GC(8) Pause Young (Normal) (G1 Evacuation Pause)
[2025-08-08T04:58:32.121+0000][gc,task       ] GC(8) Using 15 workers of 15 for evacuation
[2025-08-08T04:58:32.140+0000][gc,phases     ] GC(8)   Pre Evacuate Collection Set: 0.8ms
[2025-08-08T04:58:32.140+0000][gc,phases     ] GC(8)   Evacuate Collection Set: 16.7ms
[2025-08-08T04:58:32.140+0000][gc,phases     ] GC(8)   Post Evacuate Collection Set: 1.4ms
[2025-08-08T04:58:32.140+0000][gc,phases     ] GC(8)   Other: 1.5ms
[2025-08-08T04:58:32.140+0000][gc,heap       ] GC(8) Eden regions: 46->0(47)
[2025-08-08T04:58:32.140+0000][gc,heap       ] GC(8) Survivor regions: 5->4(7)
[2025-08-08T04:58:32.140+0000][gc,heap       ] GC(8) Old regions: 16->19
[2025-08-08T04:58:32.140+0000][gc,heap       ] GC(8) Humongous regions: 129->129
[2025-08-08T04:58:32.140+0000][gc,metaspace  ] GC(8) Metaspace: 45507K(48508K)->45507K(48508K) NonClass: 39788K(41392K)->39788K(41392K) Class: 5718K(7116K)->5718K(7116K)
[2025-08-08T04:58:32.140+0000][gc            ] GC(8) Pause Young (Normal) (G1 Evacuation Pause) 194M->149M(1024M) 20.483ms
[2025-08-08T04:58:32.140+0000][gc,cpu        ] GC(8) User=0.23s Sys=0.01s Real=0.02s
[2025-08-08T05:09:09.931+0000][gc,start      ] GC(9) Pause Young (Normal) (G1 Evacuation Pause)
[2025-08-08T05:09:09.931+0000][gc,task       ] GC(9) Using 15 workers of 15 for evacuation
[2025-08-08T05:09:09.958+0000][gc,mmu        ] GC(9) MMU target violated: 21.0ms (20.0ms/21.0ms)
[2025-08-08T05:09:09.958+0000][gc,phases     ] GC(9)   Pre Evacuate Collection Set: 0.3ms
[2025-08-08T05:09:09.958+0000][gc,phases     ] GC(9)   Evacuate Collection Set: 14.4ms
[2025-08-08T05:09:09.958+0000][gc,phases     ] GC(9)   Post Evacuate Collection Set: 12.0ms
[2025-08-08T05:09:09.958+0000][gc,phases     ] GC(9)   Other: 0.4ms
[2025-08-08T05:09:09.958+0000][gc,heap       ] GC(9) Eden regions: 47->0(46)
[2025-08-08T05:09:09.958+0000][gc,heap       ] GC(9) Survivor regions: 4->5(7)
[2025-08-08T05:09:09.958+0000][gc,heap       ] GC(9) Old regions: 19->19
[2025-08-08T05:09:09.958+0000][gc,heap       ] GC(9) Humongous regions: 129->129
[2025-08-08T05:09:09.958+0000][gc,metaspace  ] GC(9) Metaspace: 45725K(48764K)->45725K(48764K) NonClass: 40006K(41648K)->40006K(41648K) Class: 5718K(7116K)->5718K(7116K)
[2025-08-08T05:09:09.958+0000][gc            ] GC(9) Pause Young (Normal) (G1 Evacuation Pause) 196M->149M(1024M) 27.195ms
[2025-08-08T05:09:09.958+0000][gc,cpu        ] GC(9) User=0.36s Sys=0.02s Real=0.02s
[2025-08-08T05:19:55.653+0000][gc,start      ] GC(10) Pause Young (Normal) (G1 Evacuation Pause)
[2025-08-08T05:19:55.653+0000][gc,task       ] GC(10) Using 15 workers of 15 for evacuation
[2025-08-08T05:19:55.679+0000][gc,mmu        ] GC(10) MMU target violated: 21.0ms (20.0ms/21.0ms)
[2025-08-08T05:19:55.680+0000][gc,phases     ] GC(10)   Pre Evacuate Collection Set: 0.6ms
[2025-08-08T05:19:55.680+0000][gc,phases     ] GC(10)   Evacuate Collection Set: 16.5ms
[2025-08-08T05:19:55.680+0000][gc,phases     ] GC(10)   Post Evacuate Collection Set: 8.9ms
[2025-08-08T05:19:55.680+0000][gc,phases     ] GC(10)   Other: 0.4ms
[2025-08-08T05:19:55.680+0000][gc,heap       ] GC(10) Eden regions: 46->0(47)
[2025-08-08T05:19:55.680+0000][gc,heap       ] GC(10) Survivor regions: 5->4(7)
[2025-08-08T05:19:55.680+0000][gc,heap       ] GC(10) Old regions: 19->20
[2025-08-08T05:19:55.680+0000][gc,heap       ] GC(10) Humongous regions: 129->129
[2025-08-08T05:19:55.680+0000][gc,metaspace  ] GC(10) Metaspace: 45926K(48764K)->45926K(48764K) NonClass: 40207K(41648K)->40207K(41648K) Class: 5718K(7116K)->5718K(7116K)
[2025-08-08T05:19:55.680+0000][gc            ] GC(10) Pause Young (Normal) (G1 Evacuation Pause) 195M->150M(1024M) 26.215ms
[2025-08-08T05:19:55.680+0000][gc,cpu        ] GC(10) User=0.32s Sys=0.04s Real=0.03s
[2025-08-08T05:23:17.432+0000][gc,heap,exit  ] Heap
[2025-08-08T05:23:17.432+0000][gc,heap,exit  ]  garbage-first heap   total 1048576K, used 198285K [0x00000000c0000000, 0x0000000100000000)
[2025-08-08T05:23:17.432+0000][gc,heap,exit  ]   region size 1024K, 49 young (50176K), 4 survivors (4096K)
[2025-08-08T05:23:17.432+0000][gc,heap,exit  ]  Metaspace       used 47073K, capacity 50073K, committed 50172K, reserved 1091584K
[2025-08-08T05:23:17.432+0000][gc,heap,exit  ]   class space    used 5988K, capacity 7436K, committed 7500K, reserved 1048576K
