[2025-08-04T09:38:30.856+0000][gc,heap] Heap region size: 1M
[2025-08-04T09:38:30.864+0000][gc     ] Using G1
[2025-08-04T09:38:30.864+0000][gc,heap,coops] Heap address: 0x00000000c0000000, size: 1024 MB, Compressed Oops mode: 32-bit
[2025-08-04T09:38:30.864+0000][gc,cds       ] Mark closed archive regions in map: [0x00000000fff00000, 0x00000000fff6bff8]
[2025-08-04T09:38:30.864+0000][gc,cds       ] Mark open archive regions in map: [0x00000000ffe00000, 0x00000000ffe47ff8]
[2025-08-04T09:38:31.374+0000][gc,start     ] GC(0) Pause Young (Normal) (G1 Evacuation Pause)
[2025-08-04T09:38:31.375+0000][gc,task      ] GC(0) Using 15 workers of 15 for evacuation
[2025-08-04T09:38:31.379+0000][gc,phases    ] GC(0)   Pre Evacuate Collection Set: 0.0ms
[2025-08-04T09:38:31.379+0000][gc,phases    ] GC(0)   Evacuate Collection Set: 3.1ms
[2025-08-04T09:38:31.379+0000][gc,phases    ] GC(0)   Post Evacuate Collection Set: 0.4ms
[2025-08-04T09:38:31.379+0000][gc,phases    ] GC(0)   Other: 1.2ms
[2025-08-04T09:38:31.379+0000][gc,heap      ] GC(0) Eden regions: 51->0(44)
[2025-08-04T09:38:31.379+0000][gc,heap      ] GC(0) Survivor regions: 0->7(7)
[2025-08-04T09:38:31.379+0000][gc,heap      ] GC(0) Old regions: 2->3
[2025-08-04T09:38:31.379+0000][gc,heap      ] GC(0) Humongous regions: 0->0
[2025-08-04T09:38:31.379+0000][gc,metaspace ] GC(0) Metaspace: 14171K(14848K)->14171K(14848K) NonClass: 12434K(12800K)->12434K(12800K) Class: 1736K(2048K)->1736K(2048K)
[2025-08-04T09:38:31.379+0000][gc           ] GC(0) Pause Young (Normal) (G1 Evacuation Pause) 51M->8M(1024M) 4.809ms
[2025-08-04T09:38:31.379+0000][gc,cpu       ] GC(0) User=0.04s Sys=0.01s Real=0.00s
[2025-08-04T09:38:31.657+0000][gc,start     ] GC(1) Pause Young (Concurrent Start) (Metadata GC Threshold)
[2025-08-04T09:38:31.657+0000][gc,task      ] GC(1) Using 15 workers of 15 for evacuation
[2025-08-04T09:38:31.670+0000][gc,phases    ] GC(1)   Pre Evacuate Collection Set: 0.0ms
[2025-08-04T09:38:31.670+0000][gc,phases    ] GC(1)   Evacuate Collection Set: 12.8ms
[2025-08-04T09:38:31.670+0000][gc,phases    ] GC(1)   Post Evacuate Collection Set: 0.5ms
[2025-08-04T09:38:31.670+0000][gc,phases    ] GC(1)   Other: 0.2ms
[2025-08-04T09:38:31.670+0000][gc,heap      ] GC(1) Eden regions: 29->0(49)
[2025-08-04T09:38:31.670+0000][gc,heap      ] GC(1) Survivor regions: 7->2(7)
[2025-08-04T09:38:31.670+0000][gc,heap      ] GC(1) Old regions: 3->10
[2025-08-04T09:38:31.670+0000][gc,heap      ] GC(1) Humongous regions: 0->0
[2025-08-04T09:38:31.670+0000][gc,metaspace ] GC(1) Metaspace: 20501K(21296K)->20501K(21296K) NonClass: 18049K(18608K)->18049K(18608K) Class: 2452K(2688K)->2452K(2688K)
[2025-08-04T09:38:31.670+0000][gc           ] GC(1) Pause Young (Concurrent Start) (Metadata GC Threshold) 37M->9M(1024M) 13.699ms
[2025-08-04T09:38:31.670+0000][gc,cpu       ] GC(1) User=0.12s Sys=0.01s Real=0.02s
[2025-08-04T09:38:31.670+0000][gc           ] GC(2) Concurrent Cycle
[2025-08-04T09:38:31.670+0000][gc,marking   ] GC(2) Concurrent Clear Claimed Marks
[2025-08-04T09:38:31.670+0000][gc,marking   ] GC(2) Concurrent Clear Claimed Marks 0.018ms
[2025-08-04T09:38:31.670+0000][gc,marking   ] GC(2) Concurrent Scan Root Regions
[2025-08-04T09:38:31.671+0000][gc,marking   ] GC(2) Concurrent Scan Root Regions 0.848ms
[2025-08-04T09:38:31.671+0000][gc,marking   ] GC(2) Concurrent Mark (0.817s)
[2025-08-04T09:38:31.671+0000][gc,marking   ] GC(2) Concurrent Mark From Roots
[2025-08-04T09:38:31.672+0000][gc,task      ] GC(2) Using 4 workers of 4 for marking
[2025-08-04T09:38:31.673+0000][gc,marking   ] GC(2) Concurrent Mark From Roots 2.072ms
[2025-08-04T09:38:31.673+0000][gc,marking   ] GC(2) Concurrent Preclean
[2025-08-04T09:38:31.673+0000][gc,marking   ] GC(2) Concurrent Preclean 0.060ms
[2025-08-04T09:38:31.673+0000][gc,marking   ] GC(2) Concurrent Mark (0.817s, 0.819s) 2.160ms
[2025-08-04T09:38:31.674+0000][gc,start     ] GC(2) Pause Remark
[2025-08-04T09:38:31.675+0000][gc,stringtable] GC(2) Cleaned string and symbol table, strings: 5681 processed, 0 removed, symbols: 53739 processed, 43 removed
[2025-08-04T09:38:31.676+0000][gc            ] GC(2) Pause Remark 9M->9M(1024M) 1.941ms
[2025-08-04T09:38:31.676+0000][gc,cpu        ] GC(2) User=0.00s Sys=0.01s Real=0.00s
[2025-08-04T09:38:31.676+0000][gc,marking    ] GC(2) Concurrent Rebuild Remembered Sets
[2025-08-04T09:38:31.677+0000][gc,marking    ] GC(2) Concurrent Rebuild Remembered Sets 1.010ms
[2025-08-04T09:38:31.677+0000][gc,start      ] GC(2) Pause Cleanup
[2025-08-04T09:38:31.677+0000][gc            ] GC(2) Pause Cleanup 9M->9M(1024M) 0.229ms
[2025-08-04T09:38:31.677+0000][gc,cpu        ] GC(2) User=0.00s Sys=0.00s Real=0.00s
[2025-08-04T09:38:31.677+0000][gc,marking    ] GC(2) Concurrent Cleanup for Next Mark
[2025-08-04T09:38:31.679+0000][gc,marking    ] GC(2) Concurrent Cleanup for Next Mark 2.264ms
[2025-08-04T09:38:31.679+0000][gc            ] GC(2) Concurrent Cycle 9.210ms
[2025-08-04T09:38:32.053+0000][gc,start      ] GC(3) Pause Young (Normal) (G1 Evacuation Pause)
[2025-08-04T09:38:32.053+0000][gc,task       ] GC(3) Using 15 workers of 15 for evacuation
[2025-08-04T09:38:32.059+0000][gc,phases     ] GC(3)   Pre Evacuate Collection Set: 0.0ms
[2025-08-04T09:38:32.059+0000][gc,phases     ] GC(3)   Evacuate Collection Set: 5.2ms
[2025-08-04T09:38:32.059+0000][gc,phases     ] GC(3)   Post Evacuate Collection Set: 0.4ms
[2025-08-04T09:38:32.059+0000][gc,phases     ] GC(3)   Other: 0.1ms
[2025-08-04T09:38:32.059+0000][gc,heap       ] GC(3) Eden regions: 49->0(47)
[2025-08-04T09:38:32.059+0000][gc,heap       ] GC(3) Survivor regions: 2->4(7)
[2025-08-04T09:38:32.059+0000][gc,heap       ] GC(3) Old regions: 10->10
[2025-08-04T09:38:32.059+0000][gc,heap       ] GC(3) Humongous regions: 129->129
[2025-08-04T09:38:32.059+0000][gc,metaspace  ] GC(3) Metaspace: 28860K(30128K)->28860K(30128K) NonClass: 25508K(26288K)->25508K(26288K) Class: 3351K(3840K)->3351K(3840K)
[2025-08-04T09:38:32.059+0000][gc            ] GC(3) Pause Young (Normal) (G1 Evacuation Pause) 187M->140M(1024M) 5.762ms
[2025-08-04T09:38:32.059+0000][gc,cpu        ] GC(3) User=0.07s Sys=0.01s Real=0.00s
[2025-08-04T09:38:32.261+0000][gc,start      ] GC(4) Pause Young (Concurrent Start) (Metadata GC Threshold)
[2025-08-04T09:38:32.261+0000][gc,task       ] GC(4) Using 15 workers of 15 for evacuation
[2025-08-04T09:38:32.265+0000][gc,phases     ] GC(4)   Pre Evacuate Collection Set: 0.1ms
[2025-08-04T09:38:32.265+0000][gc,phases     ] GC(4)   Evacuate Collection Set: 3.4ms
[2025-08-04T09:38:32.265+0000][gc,phases     ] GC(4)   Post Evacuate Collection Set: 0.5ms
[2025-08-04T09:38:32.265+0000][gc,phases     ] GC(4)   Other: 0.3ms
[2025-08-04T09:38:32.265+0000][gc,heap       ] GC(4) Eden regions: 34->0(45)
[2025-08-04T09:38:32.265+0000][gc,heap       ] GC(4) Survivor regions: 4->6(7)
[2025-08-04T09:38:32.265+0000][gc,heap       ] GC(4) Old regions: 10->11
[2025-08-04T09:38:32.265+0000][gc,heap       ] GC(4) Humongous regions: 129->129
[2025-08-04T09:38:32.265+0000][gc,metaspace  ] GC(4) Metaspace: 34465K(35708K)->34465K(35708K) NonClass: 30524K(31152K)->30524K(31152K) Class: 3941K(4556K)->3941K(4556K)
[2025-08-04T09:38:32.265+0000][gc            ] GC(4) Pause Young (Concurrent Start) (Metadata GC Threshold) 174M->143M(1024M) 4.352ms
[2025-08-04T09:38:32.265+0000][gc,cpu        ] GC(4) User=0.04s Sys=0.01s Real=0.01s
[2025-08-04T09:38:32.266+0000][gc            ] GC(5) Concurrent Cycle
[2025-08-04T09:38:32.266+0000][gc,marking    ] GC(5) Concurrent Clear Claimed Marks
[2025-08-04T09:38:32.266+0000][gc,marking    ] GC(5) Concurrent Clear Claimed Marks 0.028ms
[2025-08-04T09:38:32.266+0000][gc,marking    ] GC(5) Concurrent Scan Root Regions
[2025-08-04T09:38:32.267+0000][gc,marking    ] GC(5) Concurrent Scan Root Regions 1.170ms
[2025-08-04T09:38:32.267+0000][gc,marking    ] GC(5) Concurrent Mark (1.412s)
[2025-08-04T09:38:32.267+0000][gc,marking    ] GC(5) Concurrent Mark From Roots
[2025-08-04T09:38:32.267+0000][gc,task       ] GC(5) Using 4 workers of 4 for marking
[2025-08-04T09:38:32.270+0000][gc,marking    ] GC(5) Concurrent Mark From Roots 2.924ms
[2025-08-04T09:38:32.270+0000][gc,marking    ] GC(5) Concurrent Preclean
[2025-08-04T09:38:32.270+0000][gc,marking    ] GC(5) Concurrent Preclean 0.078ms
[2025-08-04T09:38:32.270+0000][gc,marking    ] GC(5) Concurrent Mark (1.412s, 1.415s) 3.050ms
[2025-08-04T09:38:32.270+0000][gc,start      ] GC(5) Pause Remark
[2025-08-04T09:38:32.271+0000][gc,stringtable] GC(5) Cleaned string and symbol table, strings: 10504 processed, 10 removed, symbols: 87257 processed, 19 removed
[2025-08-04T09:38:32.272+0000][gc            ] GC(5) Pause Remark 144M->144M(1024M) 1.604ms
[2025-08-04T09:38:32.272+0000][gc,cpu        ] GC(5) User=0.01s Sys=0.00s Real=0.01s
[2025-08-04T09:38:32.272+0000][gc,marking    ] GC(5) Concurrent Rebuild Remembered Sets
[2025-08-04T09:38:32.274+0000][gc,marking    ] GC(5) Concurrent Rebuild Remembered Sets 1.858ms
[2025-08-04T09:38:32.274+0000][gc,start      ] GC(5) Pause Cleanup
[2025-08-04T09:38:32.274+0000][gc            ] GC(5) Pause Cleanup 145M->145M(1024M) 0.218ms
[2025-08-04T09:38:32.274+0000][gc,cpu        ] GC(5) User=0.00s Sys=0.00s Real=0.00s
[2025-08-04T09:38:32.275+0000][gc,marking    ] GC(5) Concurrent Cleanup for Next Mark
[2025-08-04T09:38:32.278+0000][gc,marking    ] GC(5) Concurrent Cleanup for Next Mark 3.283ms
[2025-08-04T09:38:32.278+0000][gc            ] GC(5) Concurrent Cycle 12.388ms
[2025-08-04T09:42:50.848+0000][gc,start      ] GC(6) Pause Young (Normal) (G1 Evacuation Pause)
[2025-08-04T09:42:50.850+0000][gc,task       ] GC(6) Using 15 workers of 15 for evacuation
[2025-08-04T09:42:50.854+0000][gc,phases     ] GC(6)   Pre Evacuate Collection Set: 0.6ms
[2025-08-04T09:42:50.854+0000][gc,phases     ] GC(6)   Evacuate Collection Set: 2.9ms
[2025-08-04T09:42:50.854+0000][gc,phases     ] GC(6)   Post Evacuate Collection Set: 1.1ms
[2025-08-04T09:42:50.854+0000][gc,phases     ] GC(6)   Other: 1.6ms
[2025-08-04T09:42:50.854+0000][gc,heap       ] GC(6) Eden regions: 45->0(45)
[2025-08-04T09:42:50.854+0000][gc,heap       ] GC(6) Survivor regions: 6->6(7)
[2025-08-04T09:42:50.854+0000][gc,heap       ] GC(6) Old regions: 11->14
[2025-08-04T09:42:50.854+0000][gc,heap       ] GC(6) Humongous regions: 129->129
[2025-08-04T09:42:50.854+0000][gc,metaspace  ] GC(6) Metaspace: 42185K(44668K)->42185K(44668K) NonClass: 36817K(38064K)->36817K(38064K) Class: 5368K(6604K)->5368K(6604K)
[2025-08-04T09:42:50.854+0000][gc            ] GC(6) Pause Young (Normal) (G1 Evacuation Pause) 188M->146M(1024M) 6.124ms
[2025-08-04T09:42:50.854+0000][gc,cpu        ] GC(6) User=0.04s Sys=0.00s Real=0.01s
[2025-08-04T10:10:25.009+0000][gc,start      ] GC(7) Pause Young (Normal) (G1 Evacuation Pause)
[2025-08-04T10:10:25.011+0000][gc,task       ] GC(7) Using 15 workers of 15 for evacuation
[2025-08-04T10:10:25.094+0000][gc,mmu        ] GC(7) MMU target violated: 21.0ms (20.0ms/21.0ms)
[2025-08-04T10:10:25.094+0000][gc,phases     ] GC(7)   Pre Evacuate Collection Set: 42.3ms
[2025-08-04T10:10:25.094+0000][gc,phases     ] GC(7)   Evacuate Collection Set: 36.2ms
[2025-08-04T10:10:25.094+0000][gc,phases     ] GC(7)   Post Evacuate Collection Set: 3.1ms
[2025-08-04T10:10:25.094+0000][gc,phases     ] GC(7)   Other: 3.7ms
[2025-08-04T10:10:25.094+0000][gc,heap       ] GC(7) Eden regions: 45->0(47)
[2025-08-04T10:10:25.094+0000][gc,heap       ] GC(7) Survivor regions: 6->4(7)
[2025-08-04T10:10:25.094+0000][gc,heap       ] GC(7) Old regions: 14->16
[2025-08-04T10:10:25.094+0000][gc,heap       ] GC(7) Humongous regions: 129->129
[2025-08-04T10:10:25.094+0000][gc,metaspace  ] GC(7) Metaspace: 43655K(46204K)->43655K(46204K) NonClass: 38274K(39600K)->38274K(39600K) Class: 5380K(6604K)->5380K(6604K)
[2025-08-04T10:10:25.095+0000][gc            ] GC(7) Pause Young (Normal) (G1 Evacuation Pause) 191M->147M(1024M) 85.208ms
[2025-08-04T10:10:25.095+0000][gc,cpu        ] GC(7) User=0.32s Sys=0.03s Real=0.09s
[2025-08-04T10:10:51.980+0000][gc,start      ] GC(8) Pause Young (Normal) (G1 Evacuation Pause)
[2025-08-04T10:10:51.980+0000][gc,task       ] GC(8) Using 15 workers of 15 for evacuation
[2025-08-04T10:10:51.987+0000][gc,phases     ] GC(8)   Pre Evacuate Collection Set: 0.0ms
[2025-08-04T10:10:51.987+0000][gc,phases     ] GC(8)   Evacuate Collection Set: 2.2ms
[2025-08-04T10:10:51.987+0000][gc,phases     ] GC(8)   Post Evacuate Collection Set: 4.3ms
[2025-08-04T10:10:51.987+0000][gc,phases     ] GC(8)   Other: 0.1ms
[2025-08-04T10:10:51.987+0000][gc,heap       ] GC(8) Eden regions: 47->0(47)
[2025-08-04T10:10:51.987+0000][gc,heap       ] GC(8) Survivor regions: 4->4(7)
[2025-08-04T10:10:51.987+0000][gc,heap       ] GC(8) Old regions: 16->16
[2025-08-04T10:10:51.987+0000][gc,heap       ] GC(8) Humongous regions: 129->129
[2025-08-04T10:10:51.987+0000][gc,metaspace  ] GC(8) Metaspace: 43657K(46204K)->43657K(46204K) NonClass: 38276K(39600K)->38276K(39600K) Class: 5381K(6604K)->5381K(6604K)
[2025-08-04T10:10:51.987+0000][gc            ] GC(8) Pause Young (Normal) (G1 Evacuation Pause) 194M->147M(1024M) 6.781ms
[2025-08-04T10:10:51.987+0000][gc,cpu        ] GC(8) User=0.07s Sys=0.01s Real=0.01s
[2025-08-04T10:11:18.932+0000][gc,start      ] GC(9) Pause Young (Normal) (G1 Evacuation Pause)
[2025-08-04T10:11:18.932+0000][gc,task       ] GC(9) Using 15 workers of 15 for evacuation
[2025-08-04T10:11:18.937+0000][gc,phases     ] GC(9)   Pre Evacuate Collection Set: 0.0ms
[2025-08-04T10:11:18.937+0000][gc,phases     ] GC(9)   Evacuate Collection Set: 2.8ms
[2025-08-04T10:11:18.937+0000][gc,phases     ] GC(9)   Post Evacuate Collection Set: 2.0ms
[2025-08-04T10:11:18.937+0000][gc,phases     ] GC(9)   Other: 0.2ms
[2025-08-04T10:11:18.937+0000][gc,heap       ] GC(9) Eden regions: 47->0(48)
[2025-08-04T10:11:18.937+0000][gc,heap       ] GC(9) Survivor regions: 4->3(7)
[2025-08-04T10:11:18.937+0000][gc,heap       ] GC(9) Old regions: 16->18
[2025-08-04T10:11:18.937+0000][gc,heap       ] GC(9) Humongous regions: 129->129
[2025-08-04T10:11:18.937+0000][gc,metaspace  ] GC(9) Metaspace: 43670K(46204K)->43670K(46204K) NonClass: 38289K(39600K)->38289K(39600K) Class: 5381K(6604K)->5381K(6604K)
[2025-08-04T10:11:18.937+0000][gc            ] GC(9) Pause Young (Normal) (G1 Evacuation Pause) 194M->147M(1024M) 5.096ms
[2025-08-04T10:11:18.937+0000][gc,cpu        ] GC(9) User=0.02s Sys=0.02s Real=0.01s
[2025-08-04T10:11:50.281+0000][gc,start      ] GC(10) Pause Young (Normal) (G1 Evacuation Pause)
[2025-08-04T10:11:50.281+0000][gc,task       ] GC(10) Using 15 workers of 15 for evacuation
[2025-08-04T10:11:50.290+0000][gc,phases     ] GC(10)   Pre Evacuate Collection Set: 0.3ms
[2025-08-04T10:11:50.290+0000][gc,phases     ] GC(10)   Evacuate Collection Set: 2.9ms
[2025-08-04T10:11:50.290+0000][gc,phases     ] GC(10)   Post Evacuate Collection Set: 6.2ms
[2025-08-04T10:11:50.290+0000][gc,phases     ] GC(10)   Other: 0.2ms
[2025-08-04T10:11:50.290+0000][gc,heap       ] GC(10) Eden regions: 48->0(48)
[2025-08-04T10:11:50.290+0000][gc,heap       ] GC(10) Survivor regions: 3->3(7)
[2025-08-04T10:11:50.290+0000][gc,heap       ] GC(10) Old regions: 18->18
[2025-08-04T10:11:50.290+0000][gc,heap       ] GC(10) Humongous regions: 129->129
[2025-08-04T10:11:50.290+0000][gc,metaspace  ] GC(10) Metaspace: 43681K(46204K)->43681K(46204K) NonClass: 38300K(39600K)->38300K(39600K) Class: 5381K(6604K)->5381K(6604K)
[2025-08-04T10:11:50.290+0000][gc            ] GC(10) Pause Young (Normal) (G1 Evacuation Pause) 195M->147M(1024M) 9.507ms
[2025-08-04T10:11:50.290+0000][gc,cpu        ] GC(10) User=0.09s Sys=0.01s Real=0.00s
[2025-08-04T10:12:21.829+0000][gc,start      ] GC(11) Pause Young (Normal) (G1 Evacuation Pause)
[2025-08-04T10:12:21.829+0000][gc,task       ] GC(11) Using 15 workers of 15 for evacuation
[2025-08-04T10:12:21.836+0000][gc,phases     ] GC(11)   Pre Evacuate Collection Set: 0.2ms
[2025-08-04T10:12:21.836+0000][gc,phases     ] GC(11)   Evacuate Collection Set: 5.5ms
[2025-08-04T10:12:21.836+0000][gc,phases     ] GC(11)   Post Evacuate Collection Set: 1.1ms
[2025-08-04T10:12:21.836+0000][gc,phases     ] GC(11)   Other: 0.2ms
[2025-08-04T10:12:21.836+0000][gc,heap       ] GC(11) Eden regions: 48->0(49)
[2025-08-04T10:12:21.836+0000][gc,heap       ] GC(11) Survivor regions: 3->2(7)
[2025-08-04T10:12:21.836+0000][gc,heap       ] GC(11) Old regions: 18->18
[2025-08-04T10:12:21.836+0000][gc,heap       ] GC(11) Humongous regions: 129->129
[2025-08-04T10:12:21.836+0000][gc,metaspace  ] GC(11) Metaspace: 43688K(46204K)->43688K(46204K) NonClass: 38306K(39600K)->38306K(39600K) Class: 5381K(6604K)->5381K(6604K)
[2025-08-04T10:12:21.836+0000][gc            ] GC(11) Pause Young (Normal) (G1 Evacuation Pause) 195M->147M(1024M) 7.004ms
[2025-08-04T10:12:21.836+0000][gc,cpu        ] GC(11) User=0.07s Sys=0.00s Real=0.00s
[2025-08-04T10:12:54.917+0000][gc,start      ] GC(12) Pause Young (Normal) (G1 Evacuation Pause)
[2025-08-04T10:12:54.917+0000][gc,task       ] GC(12) Using 15 workers of 15 for evacuation
[2025-08-04T10:12:54.924+0000][gc,phases     ] GC(12)   Pre Evacuate Collection Set: 0.5ms
[2025-08-04T10:12:54.924+0000][gc,phases     ] GC(12)   Evacuate Collection Set: 5.6ms
[2025-08-04T10:12:54.924+0000][gc,phases     ] GC(12)   Post Evacuate Collection Set: 1.1ms
[2025-08-04T10:12:54.924+0000][gc,phases     ] GC(12)   Other: 2.8ms
[2025-08-04T10:12:54.924+0000][gc,heap       ] GC(12) Eden regions: 49->0(57)
[2025-08-04T10:12:54.924+0000][gc,heap       ] GC(12) Survivor regions: 2->2(7)
[2025-08-04T10:12:54.924+0000][gc,heap       ] GC(12) Old regions: 18->18
[2025-08-04T10:12:54.924+0000][gc,heap       ] GC(12) Humongous regions: 129->129
[2025-08-04T10:12:54.924+0000][gc,metaspace  ] GC(12) Metaspace: 43688K(46204K)->43688K(46204K) NonClass: 38306K(39600K)->38306K(39600K) Class: 5381K(6604K)->5381K(6604K)
[2025-08-04T10:12:54.924+0000][gc            ] GC(12) Pause Young (Normal) (G1 Evacuation Pause) 196M->147M(1024M) 7.444ms
[2025-08-04T10:12:54.924+0000][gc,cpu        ] GC(12) User=0.08s Sys=0.01s Real=0.01s
[2025-08-04T10:13:33.091+0000][gc,start      ] GC(13) Pause Young (Normal) (G1 Evacuation Pause)
[2025-08-04T10:13:33.091+0000][gc,task       ] GC(13) Using 15 workers of 15 for evacuation
[2025-08-04T10:13:33.099+0000][gc,phases     ] GC(13)   Pre Evacuate Collection Set: 0.0ms
[2025-08-04T10:13:33.099+0000][gc,phases     ] GC(13)   Evacuate Collection Set: 1.2ms
[2025-08-04T10:13:33.099+0000][gc,phases     ] GC(13)   Post Evacuate Collection Set: 5.3ms
[2025-08-04T10:13:33.099+0000][gc,phases     ] GC(13)   Other: 2.3ms
[2025-08-04T10:13:33.099+0000][gc,heap       ] GC(13) Eden regions: 57->0(61)
[2025-08-04T10:13:33.099+0000][gc,heap       ] GC(13) Survivor regions: 2->2(8)
[2025-08-04T10:13:33.099+0000][gc,heap       ] GC(13) Old regions: 18->18
[2025-08-04T10:13:33.099+0000][gc,heap       ] GC(13) Humongous regions: 129->129
[2025-08-04T10:13:33.099+0000][gc,metaspace  ] GC(13) Metaspace: 43694K(46204K)->43694K(46204K) NonClass: 38312K(39600K)->38312K(39600K) Class: 5381K(6604K)->5381K(6604K)
[2025-08-04T10:13:33.099+0000][gc            ] GC(13) Pause Young (Normal) (G1 Evacuation Pause) 204M->147M(1024M) 8.916ms
[2025-08-04T10:13:33.100+0000][gc,cpu        ] GC(13) User=0.04s Sys=0.00s Real=0.00s
[2025-08-04T10:14:13.984+0000][gc,start      ] GC(14) Pause Young (Normal) (G1 Evacuation Pause)
[2025-08-04T10:14:13.984+0000][gc,task       ] GC(14) Using 15 workers of 15 for evacuation
[2025-08-04T10:14:13.996+0000][gc,phases     ] GC(14)   Pre Evacuate Collection Set: 0.0ms
[2025-08-04T10:14:13.996+0000][gc,phases     ] GC(14)   Evacuate Collection Set: 9.8ms
[2025-08-04T10:14:13.996+0000][gc,phases     ] GC(14)   Post Evacuate Collection Set: 1.5ms
[2025-08-04T10:14:13.996+0000][gc,phases     ] GC(14)   Other: 0.2ms
[2025-08-04T10:14:13.996+0000][gc,heap       ] GC(14) Eden regions: 61->0(65)
[2025-08-04T10:14:13.996+0000][gc,heap       ] GC(14) Survivor regions: 2->3(8)
[2025-08-04T10:14:13.996+0000][gc,heap       ] GC(14) Old regions: 18->18
[2025-08-04T10:14:13.996+0000][gc,heap       ] GC(14) Humongous regions: 129->129
[2025-08-04T10:14:13.996+0000][gc,metaspace  ] GC(14) Metaspace: 43694K(46204K)->43694K(46204K) NonClass: 38312K(39600K)->38312K(39600K) Class: 5381K(6604K)->5381K(6604K)
[2025-08-04T10:14:13.996+0000][gc            ] GC(14) Pause Young (Normal) (G1 Evacuation Pause) 208M->147M(1024M) 11.603ms
[2025-08-04T10:14:13.996+0000][gc,cpu        ] GC(14) User=0.11s Sys=0.00s Real=0.02s
[2025-08-04T10:15:00.605+0000][gc,start      ] GC(15) Pause Young (Normal) (G1 Evacuation Pause)
[2025-08-04T10:15:00.608+0000][gc,task       ] GC(15) Using 15 workers of 15 for evacuation
[2025-08-04T10:15:00.613+0000][gc,phases     ] GC(15)   Pre Evacuate Collection Set: 0.3ms
[2025-08-04T10:15:00.613+0000][gc,phases     ] GC(15)   Evacuate Collection Set: 2.9ms
[2025-08-04T10:15:00.613+0000][gc,phases     ] GC(15)   Post Evacuate Collection Set: 1.9ms
[2025-08-04T10:15:00.613+0000][gc,phases     ] GC(15)   Other: 3.2ms
[2025-08-04T10:15:00.613+0000][gc,heap       ] GC(15) Eden regions: 65->0(612)
[2025-08-04T10:15:00.613+0000][gc,heap       ] GC(15) Survivor regions: 3->2(9)
[2025-08-04T10:15:00.613+0000][gc,heap       ] GC(15) Old regions: 18->18
[2025-08-04T10:15:00.613+0000][gc,heap       ] GC(15) Humongous regions: 129->129
[2025-08-04T10:15:00.613+0000][gc,metaspace  ] GC(15) Metaspace: 43694K(46204K)->43694K(46204K) NonClass: 38313K(39600K)->38313K(39600K) Class: 5381K(6604K)->5381K(6604K)
[2025-08-04T10:15:00.614+0000][gc            ] GC(15) Pause Young (Normal) (G1 Evacuation Pause) 212M->147M(1024M) 8.314ms
[2025-08-04T10:15:00.614+0000][gc,cpu        ] GC(15) User=0.03s Sys=0.01s Real=0.01s
[2025-08-04T10:53:20.584+0000][gc,heap,exit  ] Heap
[2025-08-04T10:53:20.584+0000][gc,heap,exit  ]  garbage-first heap   total 1048576K, used 279096K [0x00000000c0000000, 0x0000000100000000)
[2025-08-04T10:53:20.584+0000][gc,heap,exit  ]   region size 1024K, 129 young (132096K), 2 survivors (2048K)
[2025-08-04T10:53:20.584+0000][gc,heap,exit  ]  Metaspace       used 44982K, capacity 47645K, committed 47868K, reserved 1089536K
[2025-08-04T10:53:20.584+0000][gc,heap,exit  ]   class space    used 5643K, capacity 6919K, committed 6988K, reserved 1048576K
