[2025-08-06T12:37:30.789+0000][gc,heap] Heap region size: 1M
[2025-08-06T12:37:30.797+0000][gc     ] Using G1
[2025-08-06T12:37:30.797+0000][gc,heap,coops] Heap address: 0x00000000c0000000, size: 1024 MB, Compressed Oops mode: 32-bit
[2025-08-06T12:37:30.797+0000][gc,cds       ] Mark closed archive regions in map: [0x00000000fff00000, 0x00000000fff6bff8]
[2025-08-06T12:37:30.797+0000][gc,cds       ] Mark open archive regions in map: [0x00000000ffe00000, 0x00000000ffe47ff8]
[2025-08-06T12:37:31.416+0000][gc,start     ] GC(0) Pause Young (Normal) (G1 Evacuation Pause)
[2025-08-06T12:37:31.418+0000][gc,task      ] GC(0) Using 15 workers of 15 for evacuation
[2025-08-06T12:37:31.423+0000][gc,phases    ] GC(0)   Pre Evacuate Collection Set: 0.0ms
[2025-08-06T12:37:31.423+0000][gc,phases    ] GC(0)   Evacuate Collection Set: 4.0ms
[2025-08-06T12:37:31.423+0000][gc,phases    ] GC(0)   Post Evacuate Collection Set: 0.6ms
[2025-08-06T12:37:31.423+0000][gc,phases    ] GC(0)   Other: 2.0ms
[2025-08-06T12:37:31.423+0000][gc,heap      ] GC(0) Eden regions: 51->0(44)
[2025-08-06T12:37:31.423+0000][gc,heap      ] GC(0) Survivor regions: 0->7(7)
[2025-08-06T12:37:31.423+0000][gc,heap      ] GC(0) Old regions: 2->3
[2025-08-06T12:37:31.423+0000][gc,heap      ] GC(0) Humongous regions: 0->0
[2025-08-06T12:37:31.423+0000][gc,metaspace ] GC(0) Metaspace: 14179K(15104K)->14179K(15104K) NonClass: 12442K(13056K)->12442K(13056K) Class: 1736K(2048K)->1736K(2048K)
[2025-08-06T12:37:31.423+0000][gc           ] GC(0) Pause Young (Normal) (G1 Evacuation Pause) 51M->7M(1024M) 6.710ms
[2025-08-06T12:37:31.423+0000][gc,cpu       ] GC(0) User=0.06s Sys=0.00s Real=0.01s
[2025-08-06T12:37:31.754+0000][gc,start     ] GC(1) Pause Young (Concurrent Start) (Metadata GC Threshold)
[2025-08-06T12:37:31.754+0000][gc,task      ] GC(1) Using 15 workers of 15 for evacuation
[2025-08-06T12:37:31.762+0000][gc,phases    ] GC(1)   Pre Evacuate Collection Set: 0.0ms
[2025-08-06T12:37:31.762+0000][gc,phases    ] GC(1)   Evacuate Collection Set: 6.9ms
[2025-08-06T12:37:31.762+0000][gc,phases    ] GC(1)   Post Evacuate Collection Set: 0.6ms
[2025-08-06T12:37:31.762+0000][gc,phases    ] GC(1)   Other: 0.3ms
[2025-08-06T12:37:31.762+0000][gc,heap      ] GC(1) Eden regions: 29->0(49)
[2025-08-06T12:37:31.762+0000][gc,heap      ] GC(1) Survivor regions: 7->2(7)
[2025-08-06T12:37:31.762+0000][gc,heap      ] GC(1) Old regions: 3->10
[2025-08-06T12:37:31.762+0000][gc,heap      ] GC(1) Humongous regions: 0->0
[2025-08-06T12:37:31.762+0000][gc,metaspace ] GC(1) Metaspace: 20485K(21296K)->20485K(21296K) NonClass: 18034K(18608K)->18034K(18608K) Class: 2451K(2688K)->2451K(2688K)
[2025-08-06T12:37:31.762+0000][gc           ] GC(1) Pause Young (Concurrent Start) (Metadata GC Threshold) 36M->9M(1024M) 7.824ms
[2025-08-06T12:37:31.762+0000][gc,cpu       ] GC(1) User=0.03s Sys=0.01s Real=0.01s
[2025-08-06T12:37:31.762+0000][gc           ] GC(2) Concurrent Cycle
[2025-08-06T12:37:31.762+0000][gc,marking   ] GC(2) Concurrent Clear Claimed Marks
[2025-08-06T12:37:31.762+0000][gc,marking   ] GC(2) Concurrent Clear Claimed Marks 0.022ms
[2025-08-06T12:37:31.762+0000][gc,marking   ] GC(2) Concurrent Scan Root Regions
[2025-08-06T12:37:31.763+0000][gc,marking   ] GC(2) Concurrent Scan Root Regions 1.015ms
[2025-08-06T12:37:31.763+0000][gc,marking   ] GC(2) Concurrent Mark (0.977s)
[2025-08-06T12:37:31.763+0000][gc,marking   ] GC(2) Concurrent Mark From Roots
[2025-08-06T12:37:31.764+0000][gc,task      ] GC(2) Using 4 workers of 4 for marking
[2025-08-06T12:37:31.766+0000][gc,marking   ] GC(2) Concurrent Mark From Roots 2.472ms
[2025-08-06T12:37:31.766+0000][gc,marking   ] GC(2) Concurrent Preclean
[2025-08-06T12:37:31.766+0000][gc,marking   ] GC(2) Concurrent Preclean 0.062ms
[2025-08-06T12:37:31.766+0000][gc,marking   ] GC(2) Concurrent Mark (0.977s, 0.979s) 2.572ms
[2025-08-06T12:37:31.766+0000][gc,start     ] GC(2) Pause Remark
[2025-08-06T12:37:31.768+0000][gc,stringtable] GC(2) Cleaned string and symbol table, strings: 5679 processed, 0 removed, symbols: 53728 processed, 43 removed
[2025-08-06T12:37:31.768+0000][gc            ] GC(2) Pause Remark 9M->9M(1024M) 2.225ms
[2025-08-06T12:37:31.768+0000][gc,cpu        ] GC(2) User=0.01s Sys=0.00s Real=0.00s
[2025-08-06T12:37:31.769+0000][gc,marking    ] GC(2) Concurrent Rebuild Remembered Sets
[2025-08-06T12:37:31.770+0000][gc,marking    ] GC(2) Concurrent Rebuild Remembered Sets 1.556ms
[2025-08-06T12:37:31.770+0000][gc,start      ] GC(2) Pause Cleanup
[2025-08-06T12:37:31.771+0000][gc            ] GC(2) Pause Cleanup 9M->9M(1024M) 0.195ms
[2025-08-06T12:37:31.771+0000][gc,cpu        ] GC(2) User=0.00s Sys=0.00s Real=0.00s
[2025-08-06T12:37:31.771+0000][gc,marking    ] GC(2) Concurrent Cleanup for Next Mark
[2025-08-06T12:37:31.774+0000][gc,marking    ] GC(2) Concurrent Cleanup for Next Mark 3.389ms
[2025-08-06T12:37:31.774+0000][gc            ] GC(2) Concurrent Cycle 11.705ms
[2025-08-06T12:37:32.247+0000][gc,start      ] GC(3) Pause Young (Normal) (G1 Evacuation Pause)
[2025-08-06T12:37:32.247+0000][gc,task       ] GC(3) Using 15 workers of 15 for evacuation
[2025-08-06T12:37:32.249+0000][gc,phases     ] GC(3)   Pre Evacuate Collection Set: 0.0ms
[2025-08-06T12:37:32.249+0000][gc,phases     ] GC(3)   Evacuate Collection Set: 1.4ms
[2025-08-06T12:37:32.249+0000][gc,phases     ] GC(3)   Post Evacuate Collection Set: 0.4ms
[2025-08-06T12:37:32.249+0000][gc,phases     ] GC(3)   Other: 0.2ms
[2025-08-06T12:37:32.249+0000][gc,heap       ] GC(3) Eden regions: 49->0(47)
[2025-08-06T12:37:32.249+0000][gc,heap       ] GC(3) Survivor regions: 2->4(7)
[2025-08-06T12:37:32.249+0000][gc,heap       ] GC(3) Old regions: 10->10
[2025-08-06T12:37:32.249+0000][gc,heap       ] GC(3) Humongous regions: 129->129
[2025-08-06T12:37:32.249+0000][gc,metaspace  ] GC(3) Metaspace: 28860K(30076K)->28860K(30076K) NonClass: 25507K(26288K)->25507K(26288K) Class: 3352K(3788K)->3352K(3788K)
[2025-08-06T12:37:32.249+0000][gc            ] GC(3) Pause Young (Normal) (G1 Evacuation Pause) 187M->140M(1024M) 2.058ms
[2025-08-06T12:37:32.249+0000][gc,cpu        ] GC(3) User=0.02s Sys=0.00s Real=0.00s
[2025-08-06T12:37:32.492+0000][gc,start      ] GC(4) Pause Young (Concurrent Start) (Metadata GC Threshold)
[2025-08-06T12:37:32.492+0000][gc,task       ] GC(4) Using 15 workers of 15 for evacuation
[2025-08-06T12:37:32.497+0000][gc,phases     ] GC(4)   Pre Evacuate Collection Set: 0.1ms
[2025-08-06T12:37:32.497+0000][gc,phases     ] GC(4)   Evacuate Collection Set: 4.3ms
[2025-08-06T12:37:32.497+0000][gc,phases     ] GC(4)   Post Evacuate Collection Set: 0.6ms
[2025-08-06T12:37:32.497+0000][gc,phases     ] GC(4)   Other: 0.2ms
[2025-08-06T12:37:32.497+0000][gc,heap       ] GC(4) Eden regions: 35->0(45)
[2025-08-06T12:37:32.497+0000][gc,heap       ] GC(4) Survivor regions: 4->6(7)
[2025-08-06T12:37:32.497+0000][gc,heap       ] GC(4) Old regions: 10->11
[2025-08-06T12:37:32.497+0000][gc,heap       ] GC(4) Humongous regions: 129->129
[2025-08-06T12:37:32.497+0000][gc,metaspace  ] GC(4) Metaspace: 34710K(35964K)->34710K(35964K) NonClass: 30740K(31408K)->30740K(31408K) Class: 3970K(4556K)->3970K(4556K)
[2025-08-06T12:37:32.497+0000][gc            ] GC(4) Pause Young (Concurrent Start) (Metadata GC Threshold) 175M->143M(1024M) 5.257ms
[2025-08-06T12:37:32.497+0000][gc,cpu        ] GC(4) User=0.02s Sys=0.01s Real=0.00s
[2025-08-06T12:37:32.498+0000][gc            ] GC(5) Concurrent Cycle
[2025-08-06T12:37:32.498+0000][gc,marking    ] GC(5) Concurrent Clear Claimed Marks
[2025-08-06T12:37:32.498+0000][gc,marking    ] GC(5) Concurrent Clear Claimed Marks 0.037ms
[2025-08-06T12:37:32.498+0000][gc,marking    ] GC(5) Concurrent Scan Root Regions
[2025-08-06T12:37:32.498+0000][gc,marking    ] GC(5) Concurrent Scan Root Regions 0.867ms
[2025-08-06T12:37:32.498+0000][gc,marking    ] GC(5) Concurrent Mark (1.712s)
[2025-08-06T12:37:32.499+0000][gc,marking    ] GC(5) Concurrent Mark From Roots
[2025-08-06T12:37:32.499+0000][gc,task       ] GC(5) Using 4 workers of 4 for marking
[2025-08-06T12:37:32.502+0000][gc,marking    ] GC(5) Concurrent Mark From Roots 3.618ms
[2025-08-06T12:37:32.502+0000][gc,marking    ] GC(5) Concurrent Preclean
[2025-08-06T12:37:32.502+0000][gc,marking    ] GC(5) Concurrent Preclean 0.088ms
[2025-08-06T12:37:32.502+0000][gc,marking    ] GC(5) Concurrent Mark (1.712s, 1.716s) 3.752ms
[2025-08-06T12:37:32.503+0000][gc,start      ] GC(5) Pause Remark
[2025-08-06T12:37:32.504+0000][gc,stringtable] GC(5) Cleaned string and symbol table, strings: 10517 processed, 10 removed, symbols: 87651 processed, 19 removed
[2025-08-06T12:37:32.504+0000][gc            ] GC(5) Pause Remark 144M->144M(1024M) 1.724ms
[2025-08-06T12:37:32.504+0000][gc,cpu        ] GC(5) User=0.01s Sys=0.00s Real=0.00s
[2025-08-06T12:37:32.504+0000][gc,marking    ] GC(5) Concurrent Rebuild Remembered Sets
[2025-08-06T12:37:32.506+0000][gc,marking    ] GC(5) Concurrent Rebuild Remembered Sets 1.799ms
[2025-08-06T12:37:32.507+0000][gc,start      ] GC(5) Pause Cleanup
[2025-08-06T12:37:32.507+0000][gc            ] GC(5) Pause Cleanup 145M->145M(1024M) 0.259ms
[2025-08-06T12:37:32.507+0000][gc,cpu        ] GC(5) User=0.00s Sys=0.00s Real=0.00s
[2025-08-06T12:37:32.507+0000][gc,marking    ] GC(5) Concurrent Cleanup for Next Mark
[2025-08-06T12:37:32.513+0000][gc,marking    ] GC(5) Concurrent Cleanup for Next Mark 5.686ms
[2025-08-06T12:37:32.513+0000][gc            ] GC(5) Concurrent Cycle 15.142ms
[2025-08-06T12:38:47.017+0000][gc,start      ] GC(6) Pause Young (Normal) (G1 Evacuation Pause)
[2025-08-06T12:38:47.017+0000][gc,task       ] GC(6) Using 15 workers of 15 for evacuation
[2025-08-06T12:38:47.021+0000][gc,phases     ] GC(6)   Pre Evacuate Collection Set: 0.2ms
[2025-08-06T12:38:47.021+0000][gc,phases     ] GC(6)   Evacuate Collection Set: 2.4ms
[2025-08-06T12:38:47.021+0000][gc,phases     ] GC(6)   Post Evacuate Collection Set: 0.8ms
[2025-08-06T12:38:47.021+0000][gc,phases     ] GC(6)   Other: 0.7ms
[2025-08-06T12:38:47.021+0000][gc,heap       ] GC(6) Eden regions: 45->0(46)
[2025-08-06T12:38:47.021+0000][gc,heap       ] GC(6) Survivor regions: 6->5(7)
[2025-08-06T12:38:47.021+0000][gc,heap       ] GC(6) Old regions: 11->13
[2025-08-06T12:38:47.021+0000][gc,heap       ] GC(6) Humongous regions: 129->0
[2025-08-06T12:38:47.021+0000][gc,metaspace  ] GC(6) Metaspace: 42071K(44540K)->42071K(44540K) NonClass: 36610K(37808K)->36610K(37808K) Class: 5460K(6732K)->5460K(6732K)
[2025-08-06T12:38:47.021+0000][gc            ] GC(6) Pause Young (Normal) (G1 Evacuation Pause) 188M->14M(1024M) 4.141ms
[2025-08-06T12:38:47.021+0000][gc,cpu        ] GC(6) User=0.04s Sys=0.01s Real=0.00s
[2025-08-06T12:38:47.022+0000][gc,heap,exit  ] Heap
[2025-08-06T12:38:47.023+0000][gc,heap,exit  ]  garbage-first heap   total 1048576K, used 15177K [0x00000000c0000000, 0x0000000100000000)
[2025-08-06T12:38:47.023+0000][gc,heap,exit  ]   region size 1024K, 6 young (6144K), 5 survivors (5120K)
[2025-08-06T12:38:47.023+0000][gc,heap,exit  ]  Metaspace       used 42075K, capacity 44403K, committed 44540K, reserved 1087488K
[2025-08-06T12:38:47.023+0000][gc,heap,exit  ]   class space    used 5461K, capacity 6625K, committed 6732K, reserved 1048576K
