[2025-08-07T11:23:05.742+0000][gc,heap] Heap region size: 1M
[2025-08-07T11:23:05.748+0000][gc     ] Using G1
[2025-08-07T11:23:05.748+0000][gc,heap,coops] Heap address: 0x00000000c0000000, size: 1024 MB, Compressed Oops mode: 32-bit
[2025-08-07T11:23:05.749+0000][gc,cds       ] Mark closed archive regions in map: [0x00000000fff00000, 0x00000000fff6bff8]
[2025-08-07T11:23:05.749+0000][gc,cds       ] Mark open archive regions in map: [0x00000000ffe00000, 0x00000000ffe47ff8]
[2025-08-07T11:23:06.322+0000][gc,start     ] GC(0) Pause Young (Normal) (G1 Evacuation Pause)
[2025-08-07T11:23:06.324+0000][gc,task      ] GC(0) Using 15 workers of 15 for evacuation
[2025-08-07T11:23:06.328+0000][gc,phases    ] GC(0)   Pre Evacuate Collection Set: 0.0ms
[2025-08-07T11:23:06.328+0000][gc,phases    ] GC(0)   Evacuate Collection Set: 3.3ms
[2025-08-07T11:23:06.328+0000][gc,phases    ] GC(0)   Post Evacuate Collection Set: 0.5ms
[2025-08-07T11:23:06.328+0000][gc,phases    ] GC(0)   Other: 1.6ms
[2025-08-07T11:23:06.328+0000][gc,heap      ] GC(0) Eden regions: 51->0(44)
[2025-08-07T11:23:06.328+0000][gc,heap      ] GC(0) Survivor regions: 0->7(7)
[2025-08-07T11:23:06.328+0000][gc,heap      ] GC(0) Old regions: 2->3
[2025-08-07T11:23:06.328+0000][gc,heap      ] GC(0) Humongous regions: 0->0
[2025-08-07T11:23:06.328+0000][gc,metaspace ] GC(0) Metaspace: 14111K(14848K)->14111K(14848K) NonClass: 12383K(12800K)->12383K(12800K) Class: 1727K(2048K)->1727K(2048K)
[2025-08-07T11:23:06.328+0000][gc           ] GC(0) Pause Young (Normal) (G1 Evacuation Pause) 51M->8M(1024M) 5.444ms
[2025-08-07T11:23:06.328+0000][gc,cpu       ] GC(0) User=0.02s Sys=0.02s Real=0.01s
[2025-08-07T11:23:06.631+0000][gc,start     ] GC(1) Pause Young (Concurrent Start) (Metadata GC Threshold)
[2025-08-07T11:23:06.631+0000][gc,task      ] GC(1) Using 15 workers of 15 for evacuation
[2025-08-07T11:23:06.638+0000][gc,phases    ] GC(1)   Pre Evacuate Collection Set: 0.1ms
[2025-08-07T11:23:06.638+0000][gc,phases    ] GC(1)   Evacuate Collection Set: 5.8ms
[2025-08-07T11:23:06.638+0000][gc,phases    ] GC(1)   Post Evacuate Collection Set: 0.6ms
[2025-08-07T11:23:06.638+0000][gc,phases    ] GC(1)   Other: 0.3ms
[2025-08-07T11:23:06.638+0000][gc,heap      ] GC(1) Eden regions: 30->0(49)
[2025-08-07T11:23:06.638+0000][gc,heap      ] GC(1) Survivor regions: 7->2(7)
[2025-08-07T11:23:06.638+0000][gc,heap      ] GC(1) Old regions: 3->10
[2025-08-07T11:23:06.638+0000][gc,heap      ] GC(1) Humongous regions: 0->0
[2025-08-07T11:23:06.638+0000][gc,metaspace ] GC(1) Metaspace: 20504K(21296K)->20504K(21296K) NonClass: 18054K(18608K)->18054K(18608K) Class: 2450K(2688K)->2450K(2688K)
[2025-08-07T11:23:06.638+0000][gc           ] GC(1) Pause Young (Concurrent Start) (Metadata GC Threshold) 37M->9M(1024M) 6.788ms
[2025-08-07T11:23:06.638+0000][gc,cpu       ] GC(1) User=0.04s Sys=0.01s Real=0.01s
[2025-08-07T11:23:06.638+0000][gc           ] GC(2) Concurrent Cycle
[2025-08-07T11:23:06.638+0000][gc,marking   ] GC(2) Concurrent Clear Claimed Marks
[2025-08-07T11:23:06.638+0000][gc,marking   ] GC(2) Concurrent Clear Claimed Marks 0.024ms
[2025-08-07T11:23:06.638+0000][gc,marking   ] GC(2) Concurrent Scan Root Regions
[2025-08-07T11:23:06.639+0000][gc,marking   ] GC(2) Concurrent Scan Root Regions 0.838ms
[2025-08-07T11:23:06.639+0000][gc,marking   ] GC(2) Concurrent Mark (0.900s)
[2025-08-07T11:23:06.639+0000][gc,marking   ] GC(2) Concurrent Mark From Roots
[2025-08-07T11:23:06.639+0000][gc,task      ] GC(2) Using 4 workers of 4 for marking
[2025-08-07T11:23:06.641+0000][gc,marking   ] GC(2) Concurrent Mark From Roots 2.042ms
[2025-08-07T11:23:06.641+0000][gc,marking   ] GC(2) Concurrent Preclean
[2025-08-07T11:23:06.641+0000][gc,marking   ] GC(2) Concurrent Preclean 0.064ms
[2025-08-07T11:23:06.641+0000][gc,marking   ] GC(2) Concurrent Mark (0.900s, 0.902s) 2.154ms
[2025-08-07T11:23:06.641+0000][gc,start     ] GC(2) Pause Remark
[2025-08-07T11:23:06.643+0000][gc,stringtable] GC(2) Cleaned string and symbol table, strings: 5678 processed, 0 removed, symbols: 53724 processed, 43 removed
[2025-08-07T11:23:06.643+0000][gc            ] GC(2) Pause Remark 9M->9M(1024M) 1.650ms
[2025-08-07T11:23:06.643+0000][gc,cpu        ] GC(2) User=0.01s Sys=0.00s Real=0.00s
[2025-08-07T11:23:06.643+0000][gc,marking    ] GC(2) Concurrent Rebuild Remembered Sets
[2025-08-07T11:23:06.644+0000][gc,marking    ] GC(2) Concurrent Rebuild Remembered Sets 1.202ms
[2025-08-07T11:23:06.645+0000][gc,start      ] GC(2) Pause Cleanup
[2025-08-07T11:23:06.645+0000][gc            ] GC(2) Pause Cleanup 9M->9M(1024M) 0.265ms
[2025-08-07T11:23:06.645+0000][gc,cpu        ] GC(2) User=0.00s Sys=0.00s Real=0.00s
[2025-08-07T11:23:06.645+0000][gc,marking    ] GC(2) Concurrent Cleanup for Next Mark
[2025-08-07T11:23:06.648+0000][gc,marking    ] GC(2) Concurrent Cleanup for Next Mark 2.613ms
[2025-08-07T11:23:06.648+0000][gc            ] GC(2) Concurrent Cycle 9.488ms
[2025-08-07T11:23:07.082+0000][gc,start      ] GC(3) Pause Young (Normal) (G1 Evacuation Pause)
[2025-08-07T11:23:07.082+0000][gc,task       ] GC(3) Using 15 workers of 15 for evacuation
[2025-08-07T11:23:07.083+0000][gc,phases     ] GC(3)   Pre Evacuate Collection Set: 0.0ms
[2025-08-07T11:23:07.083+0000][gc,phases     ] GC(3)   Evacuate Collection Set: 1.2ms
[2025-08-07T11:23:07.084+0000][gc,phases     ] GC(3)   Post Evacuate Collection Set: 0.5ms
[2025-08-07T11:23:07.084+0000][gc,phases     ] GC(3)   Other: 0.1ms
[2025-08-07T11:23:07.084+0000][gc,heap       ] GC(3) Eden regions: 49->0(47)
[2025-08-07T11:23:07.084+0000][gc,heap       ] GC(3) Survivor regions: 2->4(7)
[2025-08-07T11:23:07.084+0000][gc,heap       ] GC(3) Old regions: 10->10
[2025-08-07T11:23:07.084+0000][gc,heap       ] GC(3) Humongous regions: 129->129
[2025-08-07T11:23:07.084+0000][gc,metaspace  ] GC(3) Metaspace: 28875K(30128K)->28875K(30128K) NonClass: 25526K(26288K)->25526K(26288K) Class: 3348K(3840K)->3348K(3840K)
[2025-08-07T11:23:07.084+0000][gc            ] GC(3) Pause Young (Normal) (G1 Evacuation Pause) 187M->140M(1024M) 1.840ms
[2025-08-07T11:23:07.084+0000][gc,cpu        ] GC(3) User=0.02s Sys=0.00s Real=0.01s
[2025-08-07T11:23:07.301+0000][gc,start      ] GC(4) Pause Young (Concurrent Start) (Metadata GC Threshold)
[2025-08-07T11:23:07.301+0000][gc,task       ] GC(4) Using 15 workers of 15 for evacuation
[2025-08-07T11:23:07.304+0000][gc,phases     ] GC(4)   Pre Evacuate Collection Set: 0.1ms
[2025-08-07T11:23:07.304+0000][gc,phases     ] GC(4)   Evacuate Collection Set: 2.2ms
[2025-08-07T11:23:07.304+0000][gc,phases     ] GC(4)   Post Evacuate Collection Set: 0.4ms
[2025-08-07T11:23:07.304+0000][gc,phases     ] GC(4)   Other: 0.2ms
[2025-08-07T11:23:07.304+0000][gc,heap       ] GC(4) Eden regions: 34->0(45)
[2025-08-07T11:23:07.304+0000][gc,heap       ] GC(4) Survivor regions: 4->6(7)
[2025-08-07T11:23:07.304+0000][gc,heap       ] GC(4) Old regions: 10->10
[2025-08-07T11:23:07.304+0000][gc,heap       ] GC(4) Humongous regions: 129->129
[2025-08-07T11:23:07.304+0000][gc,metaspace  ] GC(4) Metaspace: 34446K(35632K)->34446K(35632K) NonClass: 30511K(31152K)->30511K(31152K) Class: 3934K(4480K)->3934K(4480K)
[2025-08-07T11:23:07.304+0000][gc            ] GC(4) Pause Young (Concurrent Start) (Metadata GC Threshold) 174M->143M(1024M) 2.897ms
[2025-08-07T11:23:07.304+0000][gc,cpu        ] GC(4) User=0.03s Sys=0.00s Real=0.01s
[2025-08-07T11:23:07.304+0000][gc            ] GC(5) Concurrent Cycle
[2025-08-07T11:23:07.304+0000][gc,marking    ] GC(5) Concurrent Clear Claimed Marks
[2025-08-07T11:23:07.304+0000][gc,marking    ] GC(5) Concurrent Clear Claimed Marks 0.025ms
[2025-08-07T11:23:07.304+0000][gc,marking    ] GC(5) Concurrent Scan Root Regions
[2025-08-07T11:23:07.305+0000][gc,marking    ] GC(5) Concurrent Scan Root Regions 0.752ms
[2025-08-07T11:23:07.305+0000][gc,marking    ] GC(5) Concurrent Mark (1.565s)
[2025-08-07T11:23:07.305+0000][gc,marking    ] GC(5) Concurrent Mark From Roots
[2025-08-07T11:23:07.305+0000][gc,task       ] GC(5) Using 4 workers of 4 for marking
[2025-08-07T11:23:07.307+0000][gc,marking    ] GC(5) Concurrent Mark From Roots 2.217ms
[2025-08-07T11:23:07.307+0000][gc,marking    ] GC(5) Concurrent Preclean
[2025-08-07T11:23:07.307+0000][gc,marking    ] GC(5) Concurrent Preclean 0.076ms
[2025-08-07T11:23:07.307+0000][gc,marking    ] GC(5) Concurrent Mark (1.565s, 1.568s) 2.346ms
[2025-08-07T11:23:07.308+0000][gc,start      ] GC(5) Pause Remark
[2025-08-07T11:23:07.310+0000][gc,stringtable] GC(5) Cleaned string and symbol table, strings: 10488 processed, 10 removed, symbols: 87125 processed, 15 removed
[2025-08-07T11:23:07.310+0000][gc            ] GC(5) Pause Remark 144M->144M(1024M) 2.192ms
[2025-08-07T11:23:07.310+0000][gc,cpu        ] GC(5) User=0.01s Sys=0.00s Real=0.00s
[2025-08-07T11:23:07.310+0000][gc,marking    ] GC(5) Concurrent Rebuild Remembered Sets
[2025-08-07T11:23:07.312+0000][gc,marking    ] GC(5) Concurrent Rebuild Remembered Sets 1.498ms
[2025-08-07T11:23:07.312+0000][gc,start      ] GC(5) Pause Cleanup
[2025-08-07T11:23:07.312+0000][gc            ] GC(5) Pause Cleanup 144M->144M(1024M) 0.220ms
[2025-08-07T11:23:07.312+0000][gc,cpu        ] GC(5) User=0.00s Sys=0.00s Real=0.00s
[2025-08-07T11:23:07.312+0000][gc,marking    ] GC(5) Concurrent Cleanup for Next Mark
[2025-08-07T11:23:07.316+0000][gc,marking    ] GC(5) Concurrent Cleanup for Next Mark 4.205ms
[2025-08-07T11:23:07.316+0000][gc            ] GC(5) Concurrent Cycle 12.334ms
[2025-08-07T11:26:42.385+0000][gc,start      ] GC(6) Pause Young (Normal) (G1 Evacuation Pause)
[2025-08-07T11:26:42.385+0000][gc,task       ] GC(6) Using 15 workers of 15 for evacuation
[2025-08-07T11:26:42.392+0000][gc,phases     ] GC(6)   Pre Evacuate Collection Set: 0.2ms
[2025-08-07T11:26:42.392+0000][gc,phases     ] GC(6)   Evacuate Collection Set: 5.3ms
[2025-08-07T11:26:42.392+0000][gc,phases     ] GC(6)   Post Evacuate Collection Set: 1.2ms
[2025-08-07T11:26:42.392+0000][gc,phases     ] GC(6)   Other: 0.3ms
[2025-08-07T11:26:42.392+0000][gc,heap       ] GC(6) Eden regions: 45->0(45)
[2025-08-07T11:26:42.392+0000][gc,heap       ] GC(6) Survivor regions: 6->6(7)
[2025-08-07T11:26:42.392+0000][gc,heap       ] GC(6) Old regions: 10->13
[2025-08-07T11:26:42.392+0000][gc,heap       ] GC(6) Humongous regions: 129->129
[2025-08-07T11:26:42.392+0000][gc,metaspace  ] GC(6) Metaspace: 42201K(44592K)->42201K(44592K) NonClass: 36835K(38064K)->36835K(38064K) Class: 5365K(6528K)->5365K(6528K)
[2025-08-07T11:26:42.392+0000][gc            ] GC(6) Pause Young (Normal) (G1 Evacuation Pause) 188M->145M(1024M) 7.110ms
[2025-08-07T11:26:42.392+0000][gc,cpu        ] GC(6) User=0.07s Sys=0.00s Real=0.01s
[2025-08-07T11:27:33.012+0000][gc,start      ] GC(7) Pause Young (Normal) (G1 Evacuation Pause)
[2025-08-07T11:27:33.012+0000][gc,task       ] GC(7) Using 15 workers of 15 for evacuation
[2025-08-07T11:27:33.017+0000][gc,phases     ] GC(7)   Pre Evacuate Collection Set: 0.5ms
[2025-08-07T11:27:33.017+0000][gc,phases     ] GC(7)   Evacuate Collection Set: 2.9ms
[2025-08-07T11:27:33.017+0000][gc,phases     ] GC(7)   Post Evacuate Collection Set: 0.9ms
[2025-08-07T11:27:33.017+0000][gc,phases     ] GC(7)   Other: 0.3ms
[2025-08-07T11:27:33.017+0000][gc,heap       ] GC(7) Eden regions: 45->0(47)
[2025-08-07T11:27:33.017+0000][gc,heap       ] GC(7) Survivor regions: 6->4(7)
[2025-08-07T11:27:33.017+0000][gc,heap       ] GC(7) Old regions: 13->16
[2025-08-07T11:27:33.017+0000][gc,heap       ] GC(7) Humongous regions: 129->129
[2025-08-07T11:27:33.017+0000][gc,metaspace  ] GC(7) Metaspace: 42753K(45104K)->42753K(45104K) NonClass: 37386K(38576K)->37386K(38576K) Class: 5366K(6528K)->5366K(6528K)
[2025-08-07T11:27:33.017+0000][gc            ] GC(7) Pause Young (Normal) (G1 Evacuation Pause) 190M->146M(1024M) 4.720ms
[2025-08-07T11:27:33.017+0000][gc,cpu        ] GC(7) User=0.04s Sys=0.01s Real=0.00s
[2025-08-07T11:28:01.469+0000][gc,start      ] GC(8) Pause Young (Normal) (G1 Evacuation Pause)
[2025-08-07T11:28:01.469+0000][gc,task       ] GC(8) Using 15 workers of 15 for evacuation
[2025-08-07T11:28:01.474+0000][gc,phases     ] GC(8)   Pre Evacuate Collection Set: 0.6ms
[2025-08-07T11:28:01.474+0000][gc,phases     ] GC(8)   Evacuate Collection Set: 4.1ms
[2025-08-07T11:28:01.474+0000][gc,phases     ] GC(8)   Post Evacuate Collection Set: 0.8ms
[2025-08-07T11:28:01.474+0000][gc,phases     ] GC(8)   Other: 0.2ms
[2025-08-07T11:28:01.474+0000][gc,heap       ] GC(8) Eden regions: 47->0(47)
[2025-08-07T11:28:01.474+0000][gc,heap       ] GC(8) Survivor regions: 4->4(7)
[2025-08-07T11:28:01.474+0000][gc,heap       ] GC(8) Old regions: 16->16
[2025-08-07T11:28:01.474+0000][gc,heap       ] GC(8) Humongous regions: 129->129
[2025-08-07T11:28:01.474+0000][gc,metaspace  ] GC(8) Metaspace: 42753K(45104K)->42753K(45104K) NonClass: 37387K(38576K)->37387K(38576K) Class: 5366K(6528K)->5366K(6528K)
[2025-08-07T11:28:01.474+0000][gc            ] GC(8) Pause Young (Normal) (G1 Evacuation Pause) 193M->146M(1024M) 5.682ms
[2025-08-07T11:28:01.474+0000][gc,cpu        ] GC(8) User=0.06s Sys=0.00s Real=0.00s
[2025-08-07T11:28:32.100+0000][gc,start      ] GC(9) Pause Young (Normal) (G1 Evacuation Pause)
[2025-08-07T11:28:32.101+0000][gc,task       ] GC(9) Using 15 workers of 15 for evacuation
[2025-08-07T11:28:32.104+0000][gc,phases     ] GC(9)   Pre Evacuate Collection Set: 0.0ms
[2025-08-07T11:28:32.104+0000][gc,phases     ] GC(9)   Evacuate Collection Set: 3.0ms
[2025-08-07T11:28:32.104+0000][gc,phases     ] GC(9)   Post Evacuate Collection Set: 0.6ms
[2025-08-07T11:28:32.104+0000][gc,phases     ] GC(9)   Other: 0.1ms
[2025-08-07T11:28:32.104+0000][gc,heap       ] GC(9) Eden regions: 47->0(52)
[2025-08-07T11:28:32.104+0000][gc,heap       ] GC(9) Survivor regions: 4->4(7)
[2025-08-07T11:28:32.104+0000][gc,heap       ] GC(9) Old regions: 16->16
[2025-08-07T11:28:32.104+0000][gc,heap       ] GC(9) Humongous regions: 129->129
[2025-08-07T11:28:32.104+0000][gc,metaspace  ] GC(9) Metaspace: 42780K(45104K)->42780K(45104K) NonClass: 37405K(38576K)->37405K(38576K) Class: 5375K(6528K)->5375K(6528K)
[2025-08-07T11:28:32.104+0000][gc            ] GC(9) Pause Young (Normal) (G1 Evacuation Pause) 193M->146M(1024M) 3.781ms
[2025-08-07T11:28:32.104+0000][gc,cpu        ] GC(9) User=0.04s Sys=0.00s Real=0.00s
[2025-08-07T11:29:05.701+0000][gc,start      ] GC(10) Pause Young (Normal) (G1 Evacuation Pause)
[2025-08-07T11:29:05.701+0000][gc,task       ] GC(10) Using 15 workers of 15 for evacuation
[2025-08-07T11:29:05.703+0000][gc,phases     ] GC(10)   Pre Evacuate Collection Set: 0.0ms
[2025-08-07T11:29:05.703+0000][gc,phases     ] GC(10)   Evacuate Collection Set: 1.3ms
[2025-08-07T11:29:05.703+0000][gc,phases     ] GC(10)   Post Evacuate Collection Set: 0.7ms
[2025-08-07T11:29:05.703+0000][gc,phases     ] GC(10)   Other: 0.2ms
[2025-08-07T11:29:05.703+0000][gc,heap       ] GC(10) Eden regions: 52->0(83)
[2025-08-07T11:29:05.703+0000][gc,heap       ] GC(10) Survivor regions: 4->4(7)
[2025-08-07T11:29:05.703+0000][gc,heap       ] GC(10) Old regions: 16->16
[2025-08-07T11:29:05.703+0000][gc,heap       ] GC(10) Humongous regions: 129->129
[2025-08-07T11:29:05.703+0000][gc,metaspace  ] GC(10) Metaspace: 42783K(45104K)->42783K(45104K) NonClass: 37408K(38576K)->37408K(38576K) Class: 5375K(6528K)->5375K(6528K)
[2025-08-07T11:29:05.703+0000][gc            ] GC(10) Pause Young (Normal) (G1 Evacuation Pause) 198M->146M(1024M) 2.238ms
[2025-08-07T11:29:05.703+0000][gc,cpu        ] GC(10) User=0.01s Sys=0.00s Real=0.00s
[2025-08-07T11:29:59.791+0000][gc,start      ] GC(11) Pause Young (Normal) (G1 Evacuation Pause)
[2025-08-07T11:29:59.791+0000][gc,task       ] GC(11) Using 15 workers of 15 for evacuation
[2025-08-07T11:29:59.794+0000][gc,phases     ] GC(11)   Pre Evacuate Collection Set: 0.0ms
[2025-08-07T11:29:59.794+0000][gc,phases     ] GC(11)   Evacuate Collection Set: 1.8ms
[2025-08-07T11:29:59.794+0000][gc,phases     ] GC(11)   Post Evacuate Collection Set: 0.8ms
[2025-08-07T11:29:59.794+0000][gc,phases     ] GC(11)   Other: 0.3ms
[2025-08-07T11:29:59.794+0000][gc,heap       ] GC(11) Eden regions: 83->0(136)
[2025-08-07T11:29:59.794+0000][gc,heap       ] GC(11) Survivor regions: 4->4(11)
[2025-08-07T11:29:59.794+0000][gc,heap       ] GC(11) Old regions: 16->16
[2025-08-07T11:29:59.794+0000][gc,heap       ] GC(11) Humongous regions: 129->129
[2025-08-07T11:29:59.794+0000][gc,metaspace  ] GC(11) Metaspace: 42787K(45104K)->42787K(45104K) NonClass: 37412K(38576K)->37412K(38576K) Class: 5375K(6528K)->5375K(6528K)
[2025-08-07T11:29:59.794+0000][gc            ] GC(11) Pause Young (Normal) (G1 Evacuation Pause) 229M->146M(1024M) 3.019ms
[2025-08-07T11:29:59.794+0000][gc,cpu        ] GC(11) User=0.02s Sys=0.00s Real=0.00s
[2025-08-07T11:31:28.630+0000][gc,start      ] GC(12) Pause Young (Normal) (G1 Evacuation Pause)
[2025-08-07T11:31:28.630+0000][gc,task       ] GC(12) Using 15 workers of 15 for evacuation
[2025-08-07T11:31:28.633+0000][gc,phases     ] GC(12)   Pre Evacuate Collection Set: 0.0ms
[2025-08-07T11:31:28.633+0000][gc,phases     ] GC(12)   Evacuate Collection Set: 1.5ms
[2025-08-07T11:31:28.633+0000][gc,phases     ] GC(12)   Post Evacuate Collection Set: 0.9ms
[2025-08-07T11:31:28.633+0000][gc,phases     ] GC(12)   Other: 0.2ms
[2025-08-07T11:31:28.633+0000][gc,heap       ] GC(12) Eden regions: 136->0(236)
[2025-08-07T11:31:28.633+0000][gc,heap       ] GC(12) Survivor regions: 4->4(18)
[2025-08-07T11:31:28.633+0000][gc,heap       ] GC(12) Old regions: 16->16
[2025-08-07T11:31:28.633+0000][gc,heap       ] GC(12) Humongous regions: 129->129
[2025-08-07T11:31:28.633+0000][gc,metaspace  ] GC(12) Metaspace: 42804K(45360K)->42804K(45360K) NonClass: 37429K(38832K)->37429K(38832K) Class: 5375K(6528K)->5375K(6528K)
[2025-08-07T11:31:28.633+0000][gc            ] GC(12) Pause Young (Normal) (G1 Evacuation Pause) 282M->146M(1024M) 2.691ms
[2025-08-07T11:31:28.633+0000][gc,cpu        ] GC(12) User=0.02s Sys=0.01s Real=0.00s
[2025-08-07T11:34:03.906+0000][gc,start      ] GC(13) Pause Young (Normal) (G1 Evacuation Pause)
[2025-08-07T11:34:03.906+0000][gc,task       ] GC(13) Using 15 workers of 15 for evacuation
[2025-08-07T11:34:03.909+0000][gc,phases     ] GC(13)   Pre Evacuate Collection Set: 0.2ms
[2025-08-07T11:34:03.909+0000][gc,phases     ] GC(13)   Evacuate Collection Set: 1.8ms
[2025-08-07T11:34:03.909+0000][gc,phases     ] GC(13)   Post Evacuate Collection Set: 1.3ms
[2025-08-07T11:34:03.909+0000][gc,phases     ] GC(13)   Other: 0.2ms
[2025-08-07T11:34:03.909+0000][gc,heap       ] GC(13) Eden regions: 236->0(426)
[2025-08-07T11:34:03.909+0000][gc,heap       ] GC(13) Survivor regions: 4->4(30)
[2025-08-07T11:34:03.909+0000][gc,heap       ] GC(13) Old regions: 16->16
[2025-08-07T11:34:03.909+0000][gc,heap       ] GC(13) Humongous regions: 129->129
[2025-08-07T11:34:03.909+0000][gc,metaspace  ] GC(13) Metaspace: 42851K(45360K)->42851K(45360K) NonClass: 37470K(38832K)->37470K(38832K) Class: 5381K(6528K)->5381K(6528K)
[2025-08-07T11:34:03.910+0000][gc            ] GC(13) Pause Young (Normal) (G1 Evacuation Pause) 382M->146M(1024M) 3.532ms
[2025-08-07T11:34:03.910+0000][gc,cpu        ] GC(13) User=0.02s Sys=0.01s Real=0.01s
