[2025-08-05T05:06:53.270+0000][gc,heap] Heap region size: 1M
[2025-08-05T05:06:53.279+0000][gc     ] Using G1
[2025-08-05T05:06:53.279+0000][gc,heap,coops] Heap address: 0x00000000c0000000, size: 1024 MB, Compressed Oops mode: 32-bit
[2025-08-05T05:06:53.280+0000][gc,cds       ] Mark closed archive regions in map: [0x00000000fff00000, 0x00000000fff6bff8]
[2025-08-05T05:06:53.280+0000][gc,cds       ] Mark open archive regions in map: [0x00000000ffe00000, 0x00000000ffe47ff8]
[2025-08-05T05:06:53.994+0000][gc,start     ] GC(0) Pause Young (Normal) (G1 Evacuation Pause)
[2025-08-05T05:06:53.996+0000][gc,task      ] GC(0) Using 15 workers of 15 for evacuation
[2025-08-05T05:06:54.043+0000][gc,mmu       ] GC(0) MMU target violated: 21.0ms (20.0ms/21.0ms)
[2025-08-05T05:06:54.043+0000][gc,phases    ] GC(0)   Pre Evacuate Collection Set: 0.0ms
[2025-08-05T05:06:54.043+0000][gc,phases    ] GC(0)   Evacuate Collection Set: 46.6ms
[2025-08-05T05:06:54.043+0000][gc,phases    ] GC(0)   Post Evacuate Collection Set: 0.5ms
[2025-08-05T05:06:54.043+0000][gc,phases    ] GC(0)   Other: 1.9ms
[2025-08-05T05:06:54.043+0000][gc,heap      ] GC(0) Eden regions: 51->0(44)
[2025-08-05T05:06:54.043+0000][gc,heap      ] GC(0) Survivor regions: 0->7(7)
[2025-08-05T05:06:54.043+0000][gc,heap      ] GC(0) Old regions: 2->3
[2025-08-05T05:06:54.043+0000][gc,heap      ] GC(0) Humongous regions: 0->0
[2025-08-05T05:06:54.043+0000][gc,metaspace ] GC(0) Metaspace: 14117K(14848K)->14117K(14848K) NonClass: 12388K(12800K)->12388K(12800K) Class: 1729K(2048K)->1729K(2048K)
[2025-08-05T05:06:54.043+0000][gc           ] GC(0) Pause Young (Normal) (G1 Evacuation Pause) 51M->8M(1024M) 48.994ms
[2025-08-05T05:06:54.043+0000][gc,cpu       ] GC(0) User=0.62s Sys=0.14s Real=0.05s
[2025-08-05T05:06:54.458+0000][gc,start     ] GC(1) Pause Young (Concurrent Start) (Metadata GC Threshold)
[2025-08-05T05:06:54.458+0000][gc,task      ] GC(1) Using 15 workers of 15 for evacuation
[2025-08-05T05:06:54.477+0000][gc,phases    ] GC(1)   Pre Evacuate Collection Set: 0.0ms
[2025-08-05T05:06:54.477+0000][gc,phases    ] GC(1)   Evacuate Collection Set: 18.1ms
[2025-08-05T05:06:54.477+0000][gc,phases    ] GC(1)   Post Evacuate Collection Set: 0.7ms
[2025-08-05T05:06:54.477+0000][gc,phases    ] GC(1)   Other: 0.3ms
[2025-08-05T05:06:54.477+0000][gc,heap      ] GC(1) Eden regions: 30->0(49)
[2025-08-05T05:06:54.477+0000][gc,heap      ] GC(1) Survivor regions: 7->2(7)
[2025-08-05T05:06:54.477+0000][gc,heap      ] GC(1) Old regions: 3->10
[2025-08-05T05:06:54.477+0000][gc,heap      ] GC(1) Humongous regions: 0->0
[2025-08-05T05:06:54.477+0000][gc,metaspace ] GC(1) Metaspace: 20481K(21296K)->20481K(21296K) NonClass: 18030K(18608K)->18030K(18608K) Class: 2451K(2688K)->2451K(2688K)
[2025-08-05T05:06:54.477+0000][gc           ] GC(1) Pause Young (Concurrent Start) (Metadata GC Threshold) 37M->9M(1024M) 19.139ms
[2025-08-05T05:06:54.477+0000][gc,cpu       ] GC(1) User=0.17s Sys=0.04s Real=0.02s
[2025-08-05T05:06:54.477+0000][gc           ] GC(2) Concurrent Cycle
[2025-08-05T05:06:54.477+0000][gc,marking   ] GC(2) Concurrent Clear Claimed Marks
[2025-08-05T05:06:54.477+0000][gc,marking   ] GC(2) Concurrent Clear Claimed Marks 0.027ms
[2025-08-05T05:06:54.477+0000][gc,marking   ] GC(2) Concurrent Scan Root Regions
[2025-08-05T05:06:54.478+0000][gc,marking   ] GC(2) Concurrent Scan Root Regions 0.995ms
[2025-08-05T05:06:54.478+0000][gc,marking   ] GC(2) Concurrent Mark (1.210s)
[2025-08-05T05:06:54.478+0000][gc,marking   ] GC(2) Concurrent Mark From Roots
[2025-08-05T05:06:54.479+0000][gc,task      ] GC(2) Using 4 workers of 4 for marking
[2025-08-05T05:06:54.480+0000][gc,marking   ] GC(2) Concurrent Mark From Roots 2.159ms
[2025-08-05T05:06:54.480+0000][gc,marking   ] GC(2) Concurrent Preclean
[2025-08-05T05:06:54.480+0000][gc,marking   ] GC(2) Concurrent Preclean 0.074ms
[2025-08-05T05:06:54.480+0000][gc,marking   ] GC(2) Concurrent Mark (1.210s, 1.213s) 2.275ms
[2025-08-05T05:06:54.481+0000][gc,start     ] GC(2) Pause Remark
[2025-08-05T05:06:54.487+0000][gc,stringtable] GC(2) Cleaned string and symbol table, strings: 5676 processed, 0 removed, symbols: 53704 processed, 43 removed
[2025-08-05T05:06:54.487+0000][gc            ] GC(2) Pause Remark 9M->9M(1024M) 6.137ms
[2025-08-05T05:06:54.487+0000][gc,cpu        ] GC(2) User=0.04s Sys=0.01s Real=0.01s
[2025-08-05T05:06:54.487+0000][gc,marking    ] GC(2) Concurrent Rebuild Remembered Sets
[2025-08-05T05:06:54.488+0000][gc,marking    ] GC(2) Concurrent Rebuild Remembered Sets 1.274ms
[2025-08-05T05:06:54.489+0000][gc,start      ] GC(2) Pause Cleanup
[2025-08-05T05:06:54.489+0000][gc            ] GC(2) Pause Cleanup 9M->9M(1024M) 0.313ms
[2025-08-05T05:06:54.489+0000][gc,cpu        ] GC(2) User=0.00s Sys=0.00s Real=0.00s
[2025-08-05T05:06:54.489+0000][gc,marking    ] GC(2) Concurrent Cleanup for Next Mark
[2025-08-05T05:06:54.493+0000][gc,marking    ] GC(2) Concurrent Cleanup for Next Mark 3.742ms
[2025-08-05T05:06:54.493+0000][gc            ] GC(2) Concurrent Cycle 16.031ms
[2025-08-05T05:06:54.959+0000][gc,start      ] GC(3) Pause Young (Normal) (G1 Evacuation Pause)
[2025-08-05T05:06:54.959+0000][gc,task       ] GC(3) Using 15 workers of 15 for evacuation
[2025-08-05T05:06:54.982+0000][gc,mmu        ] GC(3) MMU target violated: 21.0ms (20.0ms/21.0ms)
[2025-08-05T05:06:54.982+0000][gc,phases     ] GC(3)   Pre Evacuate Collection Set: 0.0ms
[2025-08-05T05:06:54.982+0000][gc,phases     ] GC(3)   Evacuate Collection Set: 21.5ms
[2025-08-05T05:06:54.982+0000][gc,phases     ] GC(3)   Post Evacuate Collection Set: 0.8ms
[2025-08-05T05:06:54.982+0000][gc,phases     ] GC(3)   Other: 0.1ms
[2025-08-05T05:06:54.982+0000][gc,heap       ] GC(3) Eden regions: 49->0(47)
[2025-08-05T05:06:54.982+0000][gc,heap       ] GC(3) Survivor regions: 2->4(7)
[2025-08-05T05:06:54.982+0000][gc,heap       ] GC(3) Old regions: 10->10
[2025-08-05T05:06:54.982+0000][gc,heap       ] GC(3) Humongous regions: 129->129
[2025-08-05T05:06:54.982+0000][gc,metaspace  ] GC(3) Metaspace: 28850K(29820K)->28850K(29820K) NonClass: 25497K(26032K)->25497K(26032K) Class: 3352K(3788K)->3352K(3788K)
[2025-08-05T05:06:54.982+0000][gc            ] GC(3) Pause Young (Normal) (G1 Evacuation Pause) 187M->140M(1024M) 22.398ms
[2025-08-05T05:06:54.982+0000][gc,cpu        ] GC(3) User=0.21s Sys=0.00s Real=0.03s
[2025-08-05T05:06:55.242+0000][gc,start      ] GC(4) Pause Young (Concurrent Start) (Metadata GC Threshold)
[2025-08-05T05:06:55.243+0000][gc,task       ] GC(4) Using 15 workers of 15 for evacuation
[2025-08-05T05:06:55.254+0000][gc,phases     ] GC(4)   Pre Evacuate Collection Set: 0.1ms
[2025-08-05T05:06:55.254+0000][gc,phases     ] GC(4)   Evacuate Collection Set: 10.6ms
[2025-08-05T05:06:55.254+0000][gc,phases     ] GC(4)   Post Evacuate Collection Set: 0.7ms
[2025-08-05T05:06:55.254+0000][gc,phases     ] GC(4)   Other: 0.2ms
[2025-08-05T05:06:55.254+0000][gc,heap       ] GC(4) Eden regions: 36->0(44)
[2025-08-05T05:06:55.254+0000][gc,heap       ] GC(4) Survivor regions: 4->7(7)
[2025-08-05T05:06:55.254+0000][gc,heap       ] GC(4) Old regions: 10->11
[2025-08-05T05:06:55.254+0000][gc,heap       ] GC(4) Humongous regions: 129->129
[2025-08-05T05:06:55.254+0000][gc,metaspace  ] GC(4) Metaspace: 34685K(35964K)->34685K(35964K) NonClass: 30723K(31408K)->30723K(31408K) Class: 3962K(4556K)->3962K(4556K)
[2025-08-05T05:06:55.254+0000][gc            ] GC(4) Pause Young (Concurrent Start) (Metadata GC Threshold) 175M->143M(1024M) 11.655ms
[2025-08-05T05:06:55.254+0000][gc,cpu        ] GC(4) User=0.11s Sys=0.03s Real=0.01s
[2025-08-05T05:06:55.254+0000][gc            ] GC(5) Concurrent Cycle
[2025-08-05T05:06:55.254+0000][gc,marking    ] GC(5) Concurrent Clear Claimed Marks
[2025-08-05T05:06:55.254+0000][gc,marking    ] GC(5) Concurrent Clear Claimed Marks 0.037ms
[2025-08-05T05:06:55.254+0000][gc,marking    ] GC(5) Concurrent Scan Root Regions
[2025-08-05T05:06:55.255+0000][gc,marking    ] GC(5) Concurrent Scan Root Regions 1.113ms
[2025-08-05T05:06:55.255+0000][gc,marking    ] GC(5) Concurrent Mark (1.988s)
[2025-08-05T05:06:55.255+0000][gc,marking    ] GC(5) Concurrent Mark From Roots
[2025-08-05T05:06:55.255+0000][gc,task       ] GC(5) Using 4 workers of 4 for marking
[2025-08-05T05:06:55.260+0000][gc,marking    ] GC(5) Concurrent Mark From Roots 4.807ms
[2025-08-05T05:06:55.260+0000][gc,marking    ] GC(5) Concurrent Preclean
[2025-08-05T05:06:55.260+0000][gc,marking    ] GC(5) Concurrent Preclean 0.114ms
[2025-08-05T05:06:55.260+0000][gc,marking    ] GC(5) Concurrent Mark (1.988s, 1.993s) 5.009ms
[2025-08-05T05:06:55.261+0000][gc,start      ] GC(5) Pause Remark
[2025-08-05T05:06:55.270+0000][gc,stringtable] GC(5) Cleaned string and symbol table, strings: 10525 processed, 10 removed, symbols: 87713 processed, 19 removed
[2025-08-05T05:06:55.270+0000][gc            ] GC(5) Pause Remark 144M->144M(1024M) 9.361ms
[2025-08-05T05:06:55.271+0000][gc,cpu        ] GC(5) User=0.09s Sys=0.02s Real=0.02s
[2025-08-05T05:06:55.271+0000][gc,marking    ] GC(5) Concurrent Rebuild Remembered Sets
[2025-08-05T05:06:55.275+0000][gc,marking    ] GC(5) Concurrent Rebuild Remembered Sets 4.896ms
[2025-08-05T05:06:55.276+0000][gc,start      ] GC(5) Pause Cleanup
[2025-08-05T05:06:55.276+0000][gc            ] GC(5) Pause Cleanup 145M->145M(1024M) 0.285ms
[2025-08-05T05:06:55.276+0000][gc,cpu        ] GC(5) User=0.00s Sys=0.00s Real=0.00s
[2025-08-05T05:06:55.276+0000][gc,marking    ] GC(5) Concurrent Cleanup for Next Mark
[2025-08-05T05:06:55.280+0000][gc,marking    ] GC(5) Concurrent Cleanup for Next Mark 3.536ms
[2025-08-05T05:06:55.280+0000][gc            ] GC(5) Concurrent Cycle 25.679ms
[2025-08-05T05:07:30.327+0000][gc,start      ] GC(6) Pause Young (Normal) (G1 Evacuation Pause)
[2025-08-05T05:07:30.327+0000][gc,task       ] GC(6) Using 15 workers of 15 for evacuation
[2025-08-05T05:07:30.370+0000][gc,mmu        ] GC(6) MMU target violated: 21.0ms (20.0ms/21.0ms)
[2025-08-05T05:07:30.371+0000][gc,phases     ] GC(6)   Pre Evacuate Collection Set: 0.1ms
[2025-08-05T05:07:30.371+0000][gc,phases     ] GC(6)   Evacuate Collection Set: 41.3ms
[2025-08-05T05:07:30.371+0000][gc,phases     ] GC(6)   Post Evacuate Collection Set: 1.6ms
[2025-08-05T05:07:30.371+0000][gc,phases     ] GC(6)   Other: 0.3ms
[2025-08-05T05:07:30.371+0000][gc,heap       ] GC(6) Eden regions: 44->0(45)
[2025-08-05T05:07:30.371+0000][gc,heap       ] GC(6) Survivor regions: 7->6(7)
[2025-08-05T05:07:30.371+0000][gc,heap       ] GC(6) Old regions: 11->13
[2025-08-05T05:07:30.371+0000][gc,heap       ] GC(6) Humongous regions: 129->129
[2025-08-05T05:07:30.371+0000][gc,metaspace  ] GC(6) Metaspace: 41313K(43644K)->41313K(43644K) NonClass: 36093K(37296K)->36093K(37296K) Class: 5220K(6348K)->5220K(6348K)
[2025-08-05T05:07:30.371+0000][gc            ] GC(6) Pause Young (Normal) (G1 Evacuation Pause) 187M->146M(1024M) 43.322ms
[2025-08-05T05:07:30.371+0000][gc,cpu        ] GC(6) User=0.55s Sys=0.05s Real=0.04s
[2025-08-05T05:17:50.270+0000][gc,start      ] GC(7) Pause Young (Normal) (G1 Evacuation Pause)
[2025-08-05T05:17:50.270+0000][gc,task       ] GC(7) Using 15 workers of 15 for evacuation
[2025-08-05T05:17:50.298+0000][gc,mmu        ] GC(7) MMU target violated: 21.0ms (20.0ms/21.0ms)
[2025-08-05T05:17:50.298+0000][gc,phases     ] GC(7)   Pre Evacuate Collection Set: 7.6ms
[2025-08-05T05:17:50.298+0000][gc,phases     ] GC(7)   Evacuate Collection Set: 17.9ms
[2025-08-05T05:17:50.298+0000][gc,phases     ] GC(7)   Post Evacuate Collection Set: 2.0ms
[2025-08-05T05:17:50.298+0000][gc,phases     ] GC(7)   Other: 0.9ms
[2025-08-05T05:17:50.298+0000][gc,heap       ] GC(7) Eden regions: 45->0(46)
[2025-08-05T05:17:50.298+0000][gc,heap       ] GC(7) Survivor regions: 6->5(7)
[2025-08-05T05:17:50.298+0000][gc,heap       ] GC(7) Old regions: 13->16
[2025-08-05T05:17:50.298+0000][gc,heap       ] GC(7) Humongous regions: 129->129
[2025-08-05T05:17:50.298+0000][gc,metaspace  ] GC(7) Metaspace: 44980K(47740K)->44980K(47740K) NonClass: 39245K(40624K)->39245K(40624K) Class: 5734K(7116K)->5734K(7116K)
[2025-08-05T05:17:50.298+0000][gc            ] GC(7) Pause Young (Normal) (G1 Evacuation Pause) 191M->148M(1024M) 28.289ms
[2025-08-05T05:17:50.298+0000][gc,cpu        ] GC(7) User=0.29s Sys=0.00s Real=0.03s
[2025-08-05T05:38:37.844+0000][gc,start      ] GC(8) Pause Young (Normal) (G1 Evacuation Pause)
[2025-08-05T05:38:37.844+0000][gc,task       ] GC(8) Using 15 workers of 15 for evacuation
[2025-08-05T05:38:37.864+0000][gc,phases     ] GC(8)   Pre Evacuate Collection Set: 6.5ms
[2025-08-05T05:38:37.864+0000][gc,phases     ] GC(8)   Evacuate Collection Set: 11.4ms
[2025-08-05T05:38:37.864+0000][gc,phases     ] GC(8)   Post Evacuate Collection Set: 1.1ms
[2025-08-05T05:38:37.864+0000][gc,phases     ] GC(8)   Other: 1.0ms
[2025-08-05T05:38:37.864+0000][gc,heap       ] GC(8) Eden regions: 46->0(47)
[2025-08-05T05:38:37.864+0000][gc,heap       ] GC(8) Survivor regions: 5->4(7)
[2025-08-05T05:38:37.864+0000][gc,heap       ] GC(8) Old regions: 16->19
[2025-08-05T05:38:37.864+0000][gc,heap       ] GC(8) Humongous regions: 129->129
[2025-08-05T05:38:37.864+0000][gc,metaspace  ] GC(8) Metaspace: 45630K(48508K)->45630K(48508K) NonClass: 39889K(41392K)->39889K(41392K) Class: 5740K(7116K)->5740K(7116K)
[2025-08-05T05:38:37.864+0000][gc            ] GC(8) Pause Young (Normal) (G1 Evacuation Pause) 194M->149M(1024M) 19.972ms
[2025-08-05T05:38:37.864+0000][gc,cpu        ] GC(8) User=0.18s Sys=0.01s Real=0.02s
[2025-08-05T05:42:53.722+0000][gc,start      ] GC(9) Pause Young (Normal) (G1 Evacuation Pause)
[2025-08-05T05:42:53.722+0000][gc,task       ] GC(9) Using 15 workers of 15 for evacuation
[2025-08-05T05:42:53.737+0000][gc,phases     ] GC(9)   Pre Evacuate Collection Set: 3.1ms
[2025-08-05T05:42:53.737+0000][gc,phases     ] GC(9)   Evacuate Collection Set: 10.1ms
[2025-08-05T05:42:53.737+0000][gc,phases     ] GC(9)   Post Evacuate Collection Set: 1.7ms
[2025-08-05T05:42:53.737+0000][gc,phases     ] GC(9)   Other: 0.6ms
[2025-08-05T05:42:53.737+0000][gc,heap       ] GC(9) Eden regions: 47->0(46)
[2025-08-05T05:42:53.737+0000][gc,heap       ] GC(9) Survivor regions: 4->5(7)
[2025-08-05T05:42:53.737+0000][gc,heap       ] GC(9) Old regions: 19->19
[2025-08-05T05:42:53.737+0000][gc,heap       ] GC(9) Humongous regions: 129->129
[2025-08-05T05:42:53.737+0000][gc,metaspace  ] GC(9) Metaspace: 45701K(48764K)->45701K(48764K) NonClass: 39959K(41648K)->39959K(41648K) Class: 5741K(7116K)->5741K(7116K)
[2025-08-05T05:42:53.738+0000][gc            ] GC(9) Pause Young (Normal) (G1 Evacuation Pause) 196M->150M(1024M) 15.540ms
[2025-08-05T05:42:53.738+0000][gc,cpu        ] GC(9) User=0.16s Sys=0.00s Real=0.02s
[2025-08-05T06:18:32.597+0000][gc,start      ] GC(10) Pause Young (Normal) (G1 Evacuation Pause)
[2025-08-05T06:18:32.599+0000][gc,task       ] GC(10) Using 15 workers of 15 for evacuation
[2025-08-05T06:18:32.631+0000][gc,mmu        ] GC(10) MMU target violated: 21.0ms (20.0ms/21.0ms)
[2025-08-05T06:18:32.631+0000][gc,phases     ] GC(10)   Pre Evacuate Collection Set: 6.0ms
[2025-08-05T06:18:32.631+0000][gc,phases     ] GC(10)   Evacuate Collection Set: 24.3ms
[2025-08-05T06:18:32.631+0000][gc,phases     ] GC(10)   Post Evacuate Collection Set: 1.6ms
[2025-08-05T06:18:32.631+0000][gc,phases     ] GC(10)   Other: 2.5ms
[2025-08-05T06:18:32.631+0000][gc,heap       ] GC(10) Eden regions: 46->0(48)
[2025-08-05T06:18:32.631+0000][gc,heap       ] GC(10) Survivor regions: 5->3(7)
[2025-08-05T06:18:32.631+0000][gc,heap       ] GC(10) Old regions: 19->21
[2025-08-05T06:18:32.631+0000][gc,heap       ] GC(10) Humongous regions: 129->129
[2025-08-05T06:18:32.631+0000][gc,metaspace  ] GC(10) Metaspace: 45900K(48764K)->45900K(48764K) NonClass: 40153K(41648K)->40153K(41648K) Class: 5746K(7116K)->5746K(7116K)
[2025-08-05T06:18:32.631+0000][gc            ] GC(10) Pause Young (Normal) (G1 Evacuation Pause) 196M->150M(1024M) 34.280ms
[2025-08-05T06:18:32.631+0000][gc,cpu        ] GC(10) User=0.40s Sys=0.00s Real=0.03s
[2025-08-05T06:56:39.834+0000][gc,start      ] GC(11) Pause Young (Normal) (G1 Evacuation Pause)
[2025-08-05T06:56:39.838+0000][gc,task       ] GC(11) Using 15 workers of 15 for evacuation
[2025-08-05T06:56:39.927+0000][gc,mmu        ] GC(11) MMU target violated: 21.0ms (20.0ms/21.0ms)
[2025-08-05T06:56:39.927+0000][gc,phases     ] GC(11)   Pre Evacuate Collection Set: 5.7ms
[2025-08-05T06:56:39.927+0000][gc,phases     ] GC(11)   Evacuate Collection Set: 81.9ms
[2025-08-05T06:56:39.927+0000][gc,phases     ] GC(11)   Post Evacuate Collection Set: 1.0ms
[2025-08-05T06:56:39.927+0000][gc,phases     ] GC(11)   Other: 4.5ms
[2025-08-05T06:56:39.927+0000][gc,heap       ] GC(11) Eden regions: 48->0(48)
[2025-08-05T06:56:39.927+0000][gc,heap       ] GC(11) Survivor regions: 3->3(7)
[2025-08-05T06:56:39.927+0000][gc,heap       ] GC(11) Old regions: 21->21
[2025-08-05T06:56:39.927+0000][gc,heap       ] GC(11) Humongous regions: 129->129
[2025-08-05T06:56:39.927+0000][gc,metaspace  ] GC(11) Metaspace: 45918K(48764K)->45918K(48764K) NonClass: 40172K(41648K)->40172K(41648K) Class: 5746K(7116K)->5746K(7116K)
[2025-08-05T06:56:39.927+0000][gc            ] GC(11) Pause Young (Normal) (G1 Evacuation Pause) 198M->150M(1024M) 92.988ms
[2025-08-05T06:56:39.927+0000][gc,cpu        ] GC(11) User=1.15s Sys=0.16s Real=0.09s
[2025-08-05T07:20:57.280+0000][gc,heap,exit  ] Heap
[2025-08-05T07:20:57.280+0000][gc,heap,exit  ]  garbage-first heap   total 1048576K, used 194073K [0x00000000c0000000, 0x0000000100000000)
[2025-08-05T07:20:57.280+0000][gc,heap,exit  ]   region size 1024K, 44 young (45056K), 3 survivors (3072K)
[2025-08-05T07:20:57.280+0000][gc,heap,exit  ]  Metaspace       used 46922K, capacity 49895K, committed 50172K, reserved 1091584K
[2025-08-05T07:20:57.280+0000][gc,heap,exit  ]   class space    used 5986K, capacity 7429K, committed 7500K, reserved 1048576K
