[2025-08-08T10:10:59.966+0000][gc,heap] Heap region size: 1M
[2025-08-08T10:10:59.974+0000][gc     ] Using G1
[2025-08-08T10:10:59.974+0000][gc,heap,coops] Heap address: 0x00000000c0000000, size: 1024 MB, Compressed Oops mode: 32-bit
[2025-08-08T10:10:59.974+0000][gc,cds       ] Mark closed archive regions in map: [0x00000000fff00000, 0x00000000fff6bff8]
[2025-08-08T10:10:59.974+0000][gc,cds       ] Mark open archive regions in map: [0x00000000ffe00000, 0x00000000ffe47ff8]
[2025-08-08T10:11:00.551+0000][gc,start     ] GC(0) Pause Young (Normal) (G1 Evacuation Pause)
[2025-08-08T10:11:00.553+0000][gc,task      ] GC(0) Using 15 workers of 15 for evacuation
[2025-08-08T10:11:00.558+0000][gc,phases    ] GC(0)   Pre Evacuate Collection Set: 0.0ms
[2025-08-08T10:11:00.558+0000][gc,phases    ] GC(0)   Evacuate Collection Set: 5.1ms
[2025-08-08T10:11:00.558+0000][gc,phases    ] GC(0)   Post Evacuate Collection Set: 0.5ms
[2025-08-08T10:11:00.558+0000][gc,phases    ] GC(0)   Other: 1.8ms
[2025-08-08T10:11:00.558+0000][gc,heap      ] GC(0) Eden regions: 51->0(44)
[2025-08-08T10:11:00.558+0000][gc,heap      ] GC(0) Survivor regions: 0->7(7)
[2025-08-08T10:11:00.558+0000][gc,heap      ] GC(0) Old regions: 2->3
[2025-08-08T10:11:00.558+0000][gc,heap      ] GC(0) Humongous regions: 0->0
[2025-08-08T10:11:00.558+0000][gc,metaspace ] GC(0) Metaspace: 14111K(14848K)->14111K(14848K) NonClass: 12383K(12800K)->12383K(12800K) Class: 1727K(2048K)->1727K(2048K)
[2025-08-08T10:11:00.558+0000][gc           ] GC(0) Pause Young (Normal) (G1 Evacuation Pause) 51M->7M(1024M) 7.485ms
[2025-08-08T10:11:00.559+0000][gc,cpu       ] GC(0) User=0.08s Sys=0.00s Real=0.00s
[2025-08-08T10:11:00.841+0000][gc,start     ] GC(1) Pause Young (Concurrent Start) (Metadata GC Threshold)
[2025-08-08T10:11:00.841+0000][gc,task      ] GC(1) Using 15 workers of 15 for evacuation
[2025-08-08T10:11:00.848+0000][gc,phases    ] GC(1)   Pre Evacuate Collection Set: 0.0ms
[2025-08-08T10:11:00.848+0000][gc,phases    ] GC(1)   Evacuate Collection Set: 6.6ms
[2025-08-08T10:11:00.848+0000][gc,phases    ] GC(1)   Post Evacuate Collection Set: 0.5ms
[2025-08-08T10:11:00.848+0000][gc,phases    ] GC(1)   Other: 0.3ms
[2025-08-08T10:11:00.848+0000][gc,heap      ] GC(1) Eden regions: 29->0(49)
[2025-08-08T10:11:00.848+0000][gc,heap      ] GC(1) Survivor regions: 7->2(7)
[2025-08-08T10:11:00.848+0000][gc,heap      ] GC(1) Old regions: 3->10
[2025-08-08T10:11:00.848+0000][gc,heap      ] GC(1) Humongous regions: 0->0
[2025-08-08T10:11:00.848+0000][gc,metaspace ] GC(1) Metaspace: 20474K(21296K)->20474K(21296K) NonClass: 18021K(18608K)->18021K(18608K) Class: 2453K(2688K)->2453K(2688K)
[2025-08-08T10:11:00.848+0000][gc           ] GC(1) Pause Young (Concurrent Start) (Metadata GC Threshold) 36M->9M(1024M) 7.412ms
[2025-08-08T10:11:00.848+0000][gc,cpu       ] GC(1) User=0.03s Sys=0.01s Real=0.01s
[2025-08-08T10:11:00.848+0000][gc           ] GC(2) Concurrent Cycle
[2025-08-08T10:11:00.848+0000][gc,marking   ] GC(2) Concurrent Clear Claimed Marks
[2025-08-08T10:11:00.848+0000][gc,marking   ] GC(2) Concurrent Clear Claimed Marks 0.020ms
[2025-08-08T10:11:00.848+0000][gc,marking   ] GC(2) Concurrent Scan Root Regions
[2025-08-08T10:11:00.849+0000][gc,marking   ] GC(2) Concurrent Scan Root Regions 0.992ms
[2025-08-08T10:11:00.849+0000][gc,marking   ] GC(2) Concurrent Mark (0.886s)
[2025-08-08T10:11:00.849+0000][gc,marking   ] GC(2) Concurrent Mark From Roots
[2025-08-08T10:11:00.850+0000][gc,task      ] GC(2) Using 4 workers of 4 for marking
[2025-08-08T10:11:00.851+0000][gc,marking   ] GC(2) Concurrent Mark From Roots 2.114ms
[2025-08-08T10:11:00.851+0000][gc,marking   ] GC(2) Concurrent Preclean
[2025-08-08T10:11:00.852+0000][gc,marking   ] GC(2) Concurrent Preclean 0.061ms
[2025-08-08T10:11:00.852+0000][gc,marking   ] GC(2) Concurrent Mark (0.886s, 0.889s) 2.223ms
[2025-08-08T10:11:00.852+0000][gc,start     ] GC(2) Pause Remark
[2025-08-08T10:11:00.857+0000][gc,stringtable] GC(2) Cleaned string and symbol table, strings: 5624 processed, 0 removed, symbols: 53455 processed, 40 removed
[2025-08-08T10:11:00.857+0000][gc            ] GC(2) Pause Remark 9M->9M(1024M) 5.145ms
[2025-08-08T10:11:00.857+0000][gc,cpu        ] GC(2) User=0.04s Sys=0.01s Real=0.00s
[2025-08-08T10:11:00.857+0000][gc,marking    ] GC(2) Concurrent Rebuild Remembered Sets
[2025-08-08T10:11:00.859+0000][gc,marking    ] GC(2) Concurrent Rebuild Remembered Sets 1.440ms
[2025-08-08T10:11:00.859+0000][gc,start      ] GC(2) Pause Cleanup
[2025-08-08T10:11:00.859+0000][gc            ] GC(2) Pause Cleanup 9M->9M(1024M) 0.262ms
[2025-08-08T10:11:00.859+0000][gc,cpu        ] GC(2) User=0.00s Sys=0.00s Real=0.00s
[2025-08-08T10:11:00.859+0000][gc,marking    ] GC(2) Concurrent Cleanup for Next Mark
[2025-08-08T10:11:00.864+0000][gc,marking    ] GC(2) Concurrent Cleanup for Next Mark 4.469ms
[2025-08-08T10:11:00.864+0000][gc            ] GC(2) Concurrent Cycle 15.561ms
[2025-08-08T10:11:01.417+0000][gc,start      ] GC(3) Pause Young (Normal) (G1 Evacuation Pause)
[2025-08-08T10:11:01.417+0000][gc,task       ] GC(3) Using 15 workers of 15 for evacuation
[2025-08-08T10:11:01.420+0000][gc,phases     ] GC(3)   Pre Evacuate Collection Set: 0.0ms
[2025-08-08T10:11:01.420+0000][gc,phases     ] GC(3)   Evacuate Collection Set: 2.8ms
[2025-08-08T10:11:01.420+0000][gc,phases     ] GC(3)   Post Evacuate Collection Set: 0.5ms
[2025-08-08T10:11:01.420+0000][gc,phases     ] GC(3)   Other: 0.1ms
[2025-08-08T10:11:01.420+0000][gc,heap       ] GC(3) Eden regions: 49->0(47)
[2025-08-08T10:11:01.420+0000][gc,heap       ] GC(3) Survivor regions: 2->4(7)
[2025-08-08T10:11:01.420+0000][gc,heap       ] GC(3) Old regions: 10->10
[2025-08-08T10:11:01.420+0000][gc,heap       ] GC(3) Humongous regions: 129->129
[2025-08-08T10:11:01.420+0000][gc,metaspace  ] GC(3) Metaspace: 28133K(29312K)->28133K(29312K) NonClass: 24856K(25600K)->24856K(25600K) Class: 3276K(3712K)->3276K(3712K)
[2025-08-08T10:11:01.420+0000][gc            ] GC(3) Pause Young (Normal) (G1 Evacuation Pause) 187M->139M(1024M) 3.480ms
[2025-08-08T10:11:01.420+0000][gc,cpu        ] GC(3) User=0.04s Sys=0.00s Real=0.01s
[2025-08-08T10:11:01.660+0000][gc,start      ] GC(4) Pause Young (Concurrent Start) (GCLocker Initiated GC)
[2025-08-08T10:11:01.660+0000][gc,task       ] GC(4) Using 15 workers of 15 for evacuation
[2025-08-08T10:11:01.663+0000][gc,phases     ] GC(4)   Pre Evacuate Collection Set: 0.1ms
[2025-08-08T10:11:01.663+0000][gc,phases     ] GC(4)   Evacuate Collection Set: 2.1ms
[2025-08-08T10:11:01.663+0000][gc,phases     ] GC(4)   Post Evacuate Collection Set: 0.5ms
[2025-08-08T10:11:01.663+0000][gc,phases     ] GC(4)   Other: 0.2ms
[2025-08-08T10:11:01.663+0000][gc,heap       ] GC(4) Eden regions: 44->0(44)
[2025-08-08T10:11:01.663+0000][gc,heap       ] GC(4) Survivor regions: 4->7(7)
[2025-08-08T10:11:01.663+0000][gc,heap       ] GC(4) Old regions: 10->10
[2025-08-08T10:11:01.663+0000][gc,heap       ] GC(4) Humongous regions: 129->129
[2025-08-08T10:11:01.663+0000][gc,metaspace  ] GC(4) Metaspace: 34714K(36176K)->34714K(36176K) NonClass: 30733K(31488K)->30733K(31488K) Class: 3981K(4688K)->3981K(4688K)
[2025-08-08T10:11:01.663+0000][gc            ] GC(4) Pause Young (Concurrent Start) (GCLocker Initiated GC) 183M->143M(1024M) 3.000ms
[2025-08-08T10:11:01.663+0000][gc,cpu        ] GC(4) User=0.03s Sys=0.00s Real=0.00s
[2025-08-08T10:11:01.664+0000][gc            ] GC(5) Concurrent Cycle
[2025-08-08T10:11:01.664+0000][gc,marking    ] GC(5) Concurrent Clear Claimed Marks
[2025-08-08T10:11:01.664+0000][gc,marking    ] GC(5) Concurrent Clear Claimed Marks 0.070ms
[2025-08-08T10:11:01.664+0000][gc,marking    ] GC(5) Concurrent Scan Root Regions
[2025-08-08T10:11:01.665+0000][gc,marking    ] GC(5) Concurrent Scan Root Regions 1.151ms
[2025-08-08T10:11:01.665+0000][gc,marking    ] GC(5) Concurrent Mark (1.702s)
[2025-08-08T10:11:01.665+0000][gc,marking    ] GC(5) Concurrent Mark From Roots
[2025-08-08T10:11:01.665+0000][gc,task       ] GC(5) Using 4 workers of 4 for marking
[2025-08-08T10:11:01.667+0000][gc,marking    ] GC(5) Concurrent Mark From Roots 2.311ms
[2025-08-08T10:11:01.667+0000][gc,marking    ] GC(5) Concurrent Preclean
[2025-08-08T10:11:01.667+0000][gc,marking    ] GC(5) Concurrent Preclean 0.117ms
[2025-08-08T10:11:01.667+0000][gc,marking    ] GC(5) Concurrent Mark (1.702s, 1.704s) 2.496ms
[2025-08-08T10:11:01.668+0000][gc,start      ] GC(5) Pause Remark
[2025-08-08T10:11:01.670+0000][gc,stringtable] GC(5) Cleaned string and symbol table, strings: 10001 processed, 9 removed, symbols: 84238 processed, 18 removed
[2025-08-08T10:11:01.670+0000][gc            ] GC(5) Pause Remark 144M->144M(1024M) 2.748ms
[2025-08-08T10:11:01.670+0000][gc,cpu        ] GC(5) User=0.02s Sys=0.01s Real=0.00s
[2025-08-08T10:11:01.671+0000][gc,marking    ] GC(5) Concurrent Rebuild Remembered Sets
[2025-08-08T10:11:01.672+0000][gc,marking    ] GC(5) Concurrent Rebuild Remembered Sets 1.477ms
[2025-08-08T10:11:01.672+0000][gc,start      ] GC(5) Pause Cleanup
[2025-08-08T10:11:01.673+0000][gc            ] GC(5) Pause Cleanup 144M->144M(1024M) 0.375ms
[2025-08-08T10:11:01.673+0000][gc,cpu        ] GC(5) User=0.00s Sys=0.00s Real=0.00s
[2025-08-08T10:11:01.673+0000][gc,marking    ] GC(5) Concurrent Cleanup for Next Mark
[2025-08-08T10:11:01.679+0000][gc,marking    ] GC(5) Concurrent Cleanup for Next Mark 6.365ms
[2025-08-08T10:11:01.679+0000][gc            ] GC(5) Concurrent Cycle 15.764ms
[2025-08-08T10:11:33.089+0000][gc,start      ] GC(6) Pause Young (Normal) (G1 Evacuation Pause)
[2025-08-08T10:11:33.089+0000][gc,task       ] GC(6) Using 15 workers of 15 for evacuation
[2025-08-08T10:11:33.093+0000][gc,phases     ] GC(6)   Pre Evacuate Collection Set: 0.2ms
[2025-08-08T10:11:33.093+0000][gc,phases     ] GC(6)   Evacuate Collection Set: 3.0ms
[2025-08-08T10:11:33.093+0000][gc,phases     ] GC(6)   Post Evacuate Collection Set: 0.7ms
[2025-08-08T10:11:33.093+0000][gc,phases     ] GC(6)   Other: 0.2ms
[2025-08-08T10:11:33.093+0000][gc,heap       ] GC(6) Eden regions: 44->0(48)
[2025-08-08T10:11:33.093+0000][gc,heap       ] GC(6) Survivor regions: 7->3(7)
[2025-08-08T10:11:33.093+0000][gc,heap       ] GC(6) Old regions: 10->16
[2025-08-08T10:11:33.093+0000][gc,heap       ] GC(6) Humongous regions: 135->129
[2025-08-08T10:11:33.093+0000][gc,metaspace  ] GC(6) Metaspace: 41722K(43984K)->41722K(43984K) NonClass: 36498K(37632K)->36498K(37632K) Class: 5224K(6352K)->5224K(6352K)
[2025-08-08T10:11:33.093+0000][gc            ] GC(6) Pause Young (Normal) (G1 Evacuation Pause) 193M->145M(1024M) 4.188ms
[2025-08-08T10:11:33.093+0000][gc,cpu        ] GC(6) User=0.03s Sys=0.01s Real=0.01s
[2025-08-08T10:32:55.506+0000][gc,start      ] GC(7) Pause Young (Normal) (G1 Evacuation Pause)
[2025-08-08T10:32:55.506+0000][gc,task       ] GC(7) Using 15 workers of 15 for evacuation
[2025-08-08T10:32:55.513+0000][gc,phases     ] GC(7)   Pre Evacuate Collection Set: 1.3ms
[2025-08-08T10:32:55.513+0000][gc,phases     ] GC(7)   Evacuate Collection Set: 4.8ms
[2025-08-08T10:32:55.513+0000][gc,phases     ] GC(7)   Post Evacuate Collection Set: 0.8ms
[2025-08-08T10:32:55.513+0000][gc,phases     ] GC(7)   Other: 1.1ms
[2025-08-08T10:32:55.513+0000][gc,heap       ] GC(7) Eden regions: 48->0(47)
[2025-08-08T10:32:55.513+0000][gc,heap       ] GC(7) Survivor regions: 3->4(7)
[2025-08-08T10:32:55.513+0000][gc,heap       ] GC(7) Old regions: 16->16
[2025-08-08T10:32:55.513+0000][gc,heap       ] GC(7) Humongous regions: 129->129
[2025-08-08T10:32:55.513+0000][gc,metaspace  ] GC(7) Metaspace: 43882K(46288K)->43882K(46288K) NonClass: 38477K(39680K)->38477K(39680K) Class: 5405K(6608K)->5405K(6608K)
[2025-08-08T10:32:55.513+0000][gc            ] GC(7) Pause Young (Normal) (G1 Evacuation Pause) 193M->146M(1024M) 7.451ms
[2025-08-08T10:32:55.513+0000][gc,cpu        ] GC(7) User=0.08s Sys=0.00s Real=0.01s
