[2025-08-06T12:37:27.869+0000][gc,heap] Heap region size: 1M
[2025-08-06T12:37:27.873+0000][gc     ] Using G1
[2025-08-06T12:37:27.873+0000][gc,heap,coops] Heap address: 0x00000000e0000000, size: 512 MB, Compressed Oops mode: 32-bit
[2025-08-06T12:37:27.873+0000][gc,cds       ] Mark closed archive regions in map: [0x00000000fff00000, 0x00000000fff6bff8]
[2025-08-06T12:37:27.873+0000][gc,cds       ] Mark open archive regions in map: [0x00000000ffe00000, 0x00000000ffe47ff8]
[2025-08-06T12:37:28.406+0000][gc,start     ] GC(0) Pause Young (Normal) (G1 Evacuation Pause)
[2025-08-06T12:37:28.407+0000][gc,task      ] GC(0) Using 12 workers of 15 for evacuation
[2025-08-06T12:37:28.411+0000][gc,phases    ] GC(0)   Pre Evacuate Collection Set: 0.0ms
[2025-08-06T12:37:28.411+0000][gc,phases    ] GC(0)   Evacuate Collection Set: 3.8ms
[2025-08-06T12:37:28.411+0000][gc,phases    ] GC(0)   Post Evacuate Collection Set: 0.5ms
[2025-08-06T12:37:28.411+0000][gc,phases    ] GC(0)   Other: 1.5ms
[2025-08-06T12:37:28.411+0000][gc,heap      ] GC(0) Eden regions: 25->0(21)
[2025-08-06T12:37:28.411+0000][gc,heap      ] GC(0) Survivor regions: 0->4(4)
[2025-08-06T12:37:28.411+0000][gc,heap      ] GC(0) Old regions: 2->6
[2025-08-06T12:37:28.411+0000][gc,heap      ] GC(0) Humongous regions: 0->0
[2025-08-06T12:37:28.411+0000][gc,metaspace ] GC(0) Metaspace: 7454K(7936K)->7454K(7936K) NonClass: 6624K(6912K)->6624K(6912K) Class: 829K(1024K)->829K(1024K)
[2025-08-06T12:37:28.411+0000][gc           ] GC(0) Pause Young (Normal) (G1 Evacuation Pause) 25M->8M(512M) 5.855ms
[2025-08-06T12:37:28.411+0000][gc,cpu       ] GC(0) User=0.04s Sys=0.00s Real=0.01s
[2025-08-06T12:38:48.770+0000][gc,heap,exit ] Heap
[2025-08-06T12:38:48.770+0000][gc,heap,exit ]  garbage-first heap   total 524288K, used 24129K [0x00000000e0000000, 0x0000000100000000)
[2025-08-06T12:38:48.770+0000][gc,heap,exit ]   region size 1024K, 20 young (20480K), 4 survivors (4096K)
[2025-08-06T12:38:48.770+0000][gc,heap,exit ]  Metaspace       used 9190K, capacity 9592K, committed 9728K, reserved 1058816K
[2025-08-06T12:38:48.770+0000][gc,heap,exit ]   class space    used 1001K, capacity 1163K, committed 1280K, reserved 1048576K
