[2025-08-04T08:38:03.221+0000][gc,heap] Heap region size: 1M
[2025-08-04T08:38:03.227+0000][gc     ] Using G1
[2025-08-04T08:38:03.227+0000][gc,heap,coops] Heap address: 0x00000000e0000000, size: 512 MB, Compressed Oops mode: 32-bit
[2025-08-04T08:38:03.227+0000][gc,cds       ] Mark closed archive regions in map: [0x00000000fff00000, 0x00000000fff6bff8]
[2025-08-04T08:38:03.227+0000][gc,cds       ] Mark open archive regions in map: [0x00000000ffe00000, 0x00000000ffe47ff8]
[2025-08-04T08:38:03.759+0000][gc,start     ] GC(0) Pause Young (Normal) (G1 Evacuation Pause)
[2025-08-04T08:38:03.760+0000][gc,task      ] GC(0) Using 12 workers of 15 for evacuation
[2025-08-04T08:38:03.796+0000][gc,mmu       ] GC(0) MMU target violated: 21.0ms (20.0ms/21.0ms)
[2025-08-04T08:38:03.796+0000][gc,phases    ] GC(0)   Pre Evacuate Collection Set: 0.0ms
[2025-08-04T08:38:03.796+0000][gc,phases    ] GC(0)   Evacuate Collection Set: 35.3ms
[2025-08-04T08:38:03.796+0000][gc,phases    ] GC(0)   Post Evacuate Collection Set: 0.6ms
[2025-08-04T08:38:03.796+0000][gc,phases    ] GC(0)   Other: 1.0ms
[2025-08-04T08:38:03.796+0000][gc,heap      ] GC(0) Eden regions: 25->0(21)
[2025-08-04T08:38:03.796+0000][gc,heap      ] GC(0) Survivor regions: 0->4(4)
[2025-08-04T08:38:03.796+0000][gc,heap      ] GC(0) Old regions: 2->6
[2025-08-04T08:38:03.796+0000][gc,heap      ] GC(0) Humongous regions: 0->0
[2025-08-04T08:38:03.796+0000][gc,metaspace ] GC(0) Metaspace: 7454K(7936K)->7454K(7936K) NonClass: 6624K(6912K)->6624K(6912K) Class: 829K(1024K)->829K(1024K)
[2025-08-04T08:38:03.796+0000][gc           ] GC(0) Pause Young (Normal) (G1 Evacuation Pause) 25M->8M(512M) 37.026ms
[2025-08-04T08:38:03.796+0000][gc,cpu       ] GC(0) User=0.37s Sys=0.08s Real=0.03s
[2025-08-04T08:48:35.356+0000][gc,heap,exit ] Heap
[2025-08-04T08:48:35.357+0000][gc,heap,exit ]  garbage-first heap   total 524288K, used 23777K [0x00000000e0000000, 0x0000000100000000)
[2025-08-04T08:48:35.357+0000][gc,heap,exit ]   region size 1024K, 20 young (20480K), 4 survivors (4096K)
[2025-08-04T08:48:35.357+0000][gc,heap,exit ]  Metaspace       used 9272K, capacity 9656K, committed 9984K, reserved 1058816K
[2025-08-04T08:48:35.357+0000][gc,heap,exit ]   class space    used 1003K, capacity 1163K, committed 1280K, reserved 1048576K
