[2025-08-05T05:06:48.050+0000][gc,heap] Heap region size: 1M
[2025-08-05T05:06:48.054+0000][gc     ] Using G1
[2025-08-05T05:06:48.054+0000][gc,heap,coops] Heap address: 0x00000000e0000000, size: 512 MB, Compressed Oops mode: 32-bit
[2025-08-05T05:06:48.054+0000][gc,cds       ] Mark closed archive regions in map: [0x00000000fff00000, 0x00000000fff6bff8]
[2025-08-05T05:06:48.054+0000][gc,cds       ] Mark open archive regions in map: [0x00000000ffe00000, 0x00000000ffe47ff8]
[2025-08-05T05:06:48.673+0000][gc,start     ] GC(0) Pause Young (Normal) (G1 Evacuation Pause)
[2025-08-05T05:06:48.674+0000][gc,task      ] GC(0) Using 12 workers of 15 for evacuation
[2025-08-05T05:06:48.684+0000][gc,phases    ] GC(0)   Pre Evacuate Collection Set: 0.0ms
[2025-08-05T05:06:48.684+0000][gc,phases    ] GC(0)   Evacuate Collection Set: 8.2ms
[2025-08-05T05:06:48.684+0000][gc,phases    ] GC(0)   Post Evacuate Collection Set: 1.1ms
[2025-08-05T05:06:48.684+0000][gc,phases    ] GC(0)   Other: 1.3ms
[2025-08-05T05:06:48.684+0000][gc,heap      ] GC(0) Eden regions: 25->0(21)
[2025-08-05T05:06:48.684+0000][gc,heap      ] GC(0) Survivor regions: 0->4(4)
[2025-08-05T05:06:48.684+0000][gc,heap      ] GC(0) Old regions: 2->6
[2025-08-05T05:06:48.684+0000][gc,heap      ] GC(0) Humongous regions: 0->0
[2025-08-05T05:06:48.684+0000][gc,metaspace ] GC(0) Metaspace: 7454K(7936K)->7454K(7936K) NonClass: 6624K(6912K)->6624K(6912K) Class: 829K(1024K)->829K(1024K)
[2025-08-05T05:06:48.684+0000][gc           ] GC(0) Pause Young (Normal) (G1 Evacuation Pause) 25M->8M(512M) 10.652ms
[2025-08-05T05:06:48.684+0000][gc,cpu       ] GC(0) User=0.07s Sys=0.04s Real=0.01s
[2025-08-05T06:32:08.456+0000][gc,start     ] GC(1) Pause Young (Normal) (G1 Evacuation Pause)
[2025-08-05T06:32:08.457+0000][gc,task      ] GC(1) Using 12 workers of 15 for evacuation
[2025-08-05T06:32:08.539+0000][gc,mmu       ] GC(1) MMU target violated: 21.0ms (20.0ms/21.0ms)
[2025-08-05T06:32:08.539+0000][gc,phases    ] GC(1)   Pre Evacuate Collection Set: 3.2ms
[2025-08-05T06:32:08.539+0000][gc,phases    ] GC(1)   Evacuate Collection Set: 77.2ms
[2025-08-05T06:32:08.539+0000][gc,phases    ] GC(1)   Post Evacuate Collection Set: 1.3ms
[2025-08-05T06:32:08.539+0000][gc,phases    ] GC(1)   Other: 1.5ms
[2025-08-05T06:32:08.539+0000][gc,heap      ] GC(1) Eden regions: 21->0(24)
[2025-08-05T06:32:08.539+0000][gc,heap      ] GC(1) Survivor regions: 4->1(4)
[2025-08-05T06:32:08.539+0000][gc,heap      ] GC(1) Old regions: 6->10
[2025-08-05T06:32:08.539+0000][gc,heap      ] GC(1) Humongous regions: 0->0
[2025-08-05T06:32:08.539+0000][gc,metaspace ] GC(1) Metaspace: 9590K(10240K)->9590K(10240K) NonClass: 8590K(8960K)->8590K(8960K) Class: 999K(1280K)->999K(1280K)
[2025-08-05T06:32:08.539+0000][gc           ] GC(1) Pause Young (Normal) (G1 Evacuation Pause) 29M->9M(512M) 83.137ms
[2025-08-05T06:32:08.539+0000][gc,cpu       ] GC(1) User=0.89s Sys=0.12s Real=0.09s
[2025-08-05T07:20:58.720+0000][gc,heap,exit ] Heap
[2025-08-05T07:20:58.721+0000][gc,heap,exit ]  garbage-first heap   total 524288K, used 14549K [0x00000000e0000000, 0x0000000100000000)
[2025-08-05T07:20:58.721+0000][gc,heap,exit ]   region size 1024K, 7 young (7168K), 1 survivors (1024K)
[2025-08-05T07:20:58.721+0000][gc,heap,exit ]  Metaspace       used 9610K, capacity 10041K, committed 10240K, reserved 1058816K
[2025-08-05T07:20:58.721+0000][gc,heap,exit ]   class space    used 1001K, capacity 1163K, committed 1280K, reserved 1048576K
