[2025-08-07T11:23:02.813+0000][gc,heap] Heap region size: 1M
[2025-08-07T11:23:02.817+0000][gc     ] Using G1
[2025-08-07T11:23:02.817+0000][gc,heap,coops] Heap address: 0x00000000e0000000, size: 512 MB, Compressed Oops mode: 32-bit
[2025-08-07T11:23:02.817+0000][gc,cds       ] Mark closed archive regions in map: [0x00000000fff00000, 0x00000000fff6bff8]
[2025-08-07T11:23:02.817+0000][gc,cds       ] Mark open archive regions in map: [0x00000000ffe00000, 0x00000000ffe47ff8]
[2025-08-07T11:23:03.295+0000][gc,start     ] GC(0) Pause Young (Normal) (G1 Evacuation Pause)
[2025-08-07T11:23:03.296+0000][gc,task      ] GC(0) Using 12 workers of 15 for evacuation
[2025-08-07T11:23:03.300+0000][gc,phases    ] GC(0)   Pre Evacuate Collection Set: 0.0ms
[2025-08-07T11:23:03.300+0000][gc,phases    ] GC(0)   Evacuate Collection Set: 3.5ms
[2025-08-07T11:23:03.300+0000][gc,phases    ] GC(0)   Post Evacuate Collection Set: 0.3ms
[2025-08-07T11:23:03.300+0000][gc,phases    ] GC(0)   Other: 1.1ms
[2025-08-07T11:23:03.300+0000][gc,heap      ] GC(0) Eden regions: 25->0(21)
[2025-08-07T11:23:03.300+0000][gc,heap      ] GC(0) Survivor regions: 0->4(4)
[2025-08-07T11:23:03.300+0000][gc,heap      ] GC(0) Old regions: 2->6
[2025-08-07T11:23:03.300+0000][gc,heap      ] GC(0) Humongous regions: 0->0
[2025-08-07T11:23:03.300+0000][gc,metaspace ] GC(0) Metaspace: 7187K(7680K)->7187K(7680K) NonClass: 6390K(6656K)->6390K(6656K) Class: 796K(1024K)->796K(1024K)
[2025-08-07T11:23:03.300+0000][gc           ] GC(0) Pause Young (Normal) (G1 Evacuation Pause) 25M->8M(512M) 4.966ms
[2025-08-07T11:23:03.300+0000][gc,cpu       ] GC(0) User=0.03s Sys=0.01s Real=0.00s
