[2025-08-05T04:36:14.285+0000][gc,heap] Heap region size: 1M
[2025-08-05T04:36:14.290+0000][gc     ] Using G1
[2025-08-05T04:36:14.290+0000][gc,heap,coops] Heap address: 0x00000000e0000000, size: 512 MB, Compressed Oops mode: 32-bit
[2025-08-05T04:36:14.290+0000][gc,cds       ] Mark closed archive regions in map: [0x00000000fff00000, 0x00000000fff6bff8]
[2025-08-05T04:36:14.290+0000][gc,cds       ] Mark open archive regions in map: [0x00000000ffe00000, 0x00000000ffe47ff8]
[2025-08-05T04:36:14.970+0000][gc,start     ] GC(0) Pause Young (Normal) (G1 Evacuation Pause)
[2025-08-05T04:36:14.973+0000][gc,task      ] GC(0) Using 12 workers of 15 for evacuation
[2025-08-05T04:36:14.990+0000][gc,phases    ] GC(0)   Pre Evacuate Collection Set: 0.0ms
[2025-08-05T04:36:14.990+0000][gc,phases    ] GC(0)   Evacuate Collection Set: 15.8ms
[2025-08-05T04:36:14.990+0000][gc,phases    ] GC(0)   Post Evacuate Collection Set: 0.9ms
[2025-08-05T04:36:14.990+0000][gc,phases    ] GC(0)   Other: 2.9ms
[2025-08-05T04:36:14.990+0000][gc,heap      ] GC(0) Eden regions: 25->0(21)
[2025-08-05T04:36:14.990+0000][gc,heap      ] GC(0) Survivor regions: 0->4(4)
[2025-08-05T04:36:14.990+0000][gc,heap      ] GC(0) Old regions: 2->6
[2025-08-05T04:36:14.990+0000][gc,heap      ] GC(0) Humongous regions: 0->0
[2025-08-05T04:36:14.990+0000][gc,metaspace ] GC(0) Metaspace: 7454K(7936K)->7454K(7936K) NonClass: 6625K(6912K)->6625K(6912K) Class: 829K(1024K)->829K(1024K)
[2025-08-05T04:36:14.990+0000][gc           ] GC(0) Pause Young (Normal) (G1 Evacuation Pause) 25M->8M(512M) 19.668ms
[2025-08-05T04:36:14.990+0000][gc,cpu       ] GC(0) User=0.16s Sys=0.03s Real=0.02s
[2025-08-05T04:47:19.377+0000][gc,heap,exit ] Heap
[2025-08-05T04:47:19.378+0000][gc,heap,exit ]  garbage-first heap   total 524288K, used 27079K [0x00000000e0000000, 0x0000000100000000)
[2025-08-05T04:47:19.378+0000][gc,heap,exit ]   region size 1024K, 23 young (23552K), 4 survivors (4096K)
[2025-08-05T04:47:19.379+0000][gc,heap,exit ]  Metaspace       used 9427K, capacity 9785K, committed 10240K, reserved 1058816K
[2025-08-05T04:47:19.379+0000][gc,heap,exit ]   class space    used 1000K, capacity 1163K, committed 1280K, reserved 1048576K
